\BOOKMARK [0][-]{chapter*.2}{\376\377\006\101\006\107\006\061\006\063\006\052\000\040\006\054\006\057\006\047\006\110\006\104}{}% 1
\BOOKMARK [0][-]{chapter*.3}{\376\377\006\101\006\107\006\061\006\063\006\052\000\040\006\052\006\065\006\047\006\110\006\314\006\061}{}% 2
\BOOKMARK [0][-]{section*.5}{\376\377\006\176\006\314\006\064\006\257\006\101\006\052\006\047\006\061}{}% 3
\BOOKMARK [0][-]{chapter.1}{\376\377\006\105\006\101\006\047\006\107\006\314\006\105\000\040\006\047\006\110\006\104\006\314\006\107}{}% 4
\BOOKMARK [1][-]{section.1.1}{\376\377\006\064\006\050\006\251\006\107\040\014\006\107\006\047\006\314\000\040\006\071\006\065\006\050\006\314\000\040\006\176\006\314\006\206\006\064\006\314\000\040\000\050\000C\000N\000N\000\051}{chapter.1}% 5
\BOOKMARK [1][-]{section.1.2}{\376\377\006\056\006\110\006\057\006\251\006\057\006\257\006\060\006\047\006\061\006\107\006\047\006\314\000\040\006\052\006\072\006\314\006\314\006\061\006\176\006\060\006\314\006\061\000\040\000\050\000V\000A\000E\000\051}{chapter.1}% 6
\BOOKMARK [1][-]{section.1.3}{\376\377\006\064\006\050\006\251\006\107\040\014\006\107\006\047\006\314\000\040\006\105\006\110\006\104\006\057\000\040\006\052\006\056\006\047\006\065\006\105\006\314\000\040\000\050\000G\000A\000N\000\051}{chapter.1}% 7
\BOOKMARK [1][-]{section.1.4}{\376\377\006\105\006\057\006\104\040\014\006\107\006\047\006\314\000\040\006\047\006\106\006\052\006\064\006\047\006\061\000\040\000\050\000D\000i\000f\000f\000u\000s\000i\000o\000n\000\040\000M\000o\000d\000e\000l\000s\000\051}{chapter.1}% 8
\BOOKMARK [2][-]{subsection.1.4.1}{\376\377\006\101\006\061\006\042\006\314\006\106\006\057\000\040\006\047\006\106\006\052\006\064\006\047\006\061\000\040\006\110\000\040\006\105\006\071\006\047\006\057\006\104\006\047\006\052}{section.1.4}% 9
\BOOKMARK [1][-]{section.1.5}{\376\377\006\064\006\050\006\251\006\107\040\014\006\107\006\047\006\314\000\040\006\071\006\065\006\050\006\314\000\040\006\050\006\047\006\062\006\257\006\064\006\052\006\314\000\040\000\050\000R\000N\000N\000\051}{chapter.1}% 10
\BOOKMARK [1][-]{section.1.6}{\376\377\006\105\006\050\006\057\006\104\040\014\006\107\006\047}{chapter.1}% 11
\BOOKMARK [2][-]{subsection.1.6.1}{\376\377\006\105\006\251\006\047\006\106\006\314\006\062\006\105\000\040\006\052\006\110\006\054\006\107}{section.1.6}% 12
\BOOKMARK [2][-]{subsection.1.6.2}{\376\377\006\104\006\047\006\314\006\107\000\040\006\061\006\105\006\062\006\257\006\060\006\047\006\061\000\040\006\110\000\040\006\064\006\050\006\251\006\107\000\040\006\176\006\314\006\064\040\014\006\056\006\110\006\061}{section.1.6}% 13
\BOOKMARK [2][-]{subsection.1.6.3}{\376\377\006\052\006\071\006\050\006\314\006\107\000\040\006\105\006\110\006\102\006\071\006\314\006\052}{section.1.6}% 14
\BOOKMARK [1][-]{section.1.7}{\376\377\006\105\006\050\006\057\006\104\040\014\006\107\006\047\006\314\000\040\006\050\006\314\006\106\006\047\006\314\006\314}{chapter.1}% 15
\BOOKMARK [1][-]{section.1.8}{\376\377\006\052\006\106\006\070\006\314\006\105\000\040\006\057\006\102\006\314\006\102\000\040\006\176\006\047\006\061\006\047\006\105\006\052\006\061\000-\006\251\006\047\006\061\006\047\000\040\000\050\000P\000E\000F\000T\000\051}{chapter.1}% 16
\BOOKMARK [2][-]{subsection.1.8.1}{\376\377\006\052\006\106\006\070\006\314\006\105\000\040\006\176\006\314\006\064\006\110\006\106\006\057\000\040\000\050\000P\000r\000e\000f\000i\000x\000\040\000T\000u\000n\000i\000n\000g\000\051}{section.1.8}% 17
\BOOKMARK [2][-]{subsection.1.8.2}{\376\377\006\052\006\106\006\070\006\314\006\105\000\040\006\054\006\047\006\106\006\050\006\314\000\040\000\050\000S\000i\000d\000e\000-\000T\000u\000n\000i\000n\000g\000\051}{section.1.8}% 18
\BOOKMARK [1][-]{section.1.9}{\376\377\006\105\006\054\006\105\006\110\006\071\006\107\040\014\006\057\006\047\006\057\006\107\000\040\000I\000m\000a\000g\000e\000N\000e\000t}{chapter.1}% 19
\BOOKMARK [1][-]{section.1.10}{\376\377\006\105\006\071\006\314\006\047\006\061\006\107\006\047\006\314\000\040\006\047\006\061\006\062\006\314\006\047\006\050\006\314}{chapter.1}% 20
\BOOKMARK [0][-]{chapter.2}{\376\377\006\176\006\314\006\064\006\314\006\106\006\107\000\040\006\176\006\230\006\110\006\107\006\064}{}% 21
\BOOKMARK [1][-]{section.2.1}{\376\377\006\206\006\047\006\061\006\206\006\110\006\050\040\014\006\107\006\047\006\314\000\040\006\047\006\065\006\104\006\314\000\040\006\105\006\057\006\104\040\014\006\107\006\047\006\314\000\040\006\047\006\106\006\052\006\064\006\047\006\061}{chapter.2}% 22
\BOOKMARK [2][-]{subsection.2.1.1}{\376\377\006\105\006\057\006\104\040\014\006\107\006\047\006\314\000\040\000D\000D\000P\000M}{section.2.1}% 23
\BOOKMARK [2][-]{subsection.2.1.2}{\376\377\006\105\006\057\006\104\040\014\006\107\006\047\006\314\000\040\006\105\006\050\006\052\006\106\006\314\000\040\006\050\006\061\000\040\006\047\006\105\006\052\006\314\006\047\006\062}{section.2.1}% 24
\BOOKMARK [2][-]{subsection.2.1.3}{\376\377\006\105\006\057\006\104\040\014\006\107\006\047\006\314\000\040\006\047\006\106\006\052\006\064\006\047\006\061\000\040\006\105\006\050\006\052\006\106\006\314\000\040\006\050\006\061\000\040\000S\000D\000E}{section.2.1}% 25
\BOOKMARK [2][-]{subsection.2.1.4}{\376\377\006\106\006\105\006\110\006\106\006\107\040\014\006\050\006\061\006\057\006\047\006\061\006\314\006\014\000\040\000D\000D\000I\000M\000\040\006\110\000\040\006\107\006\057\006\047\006\314\006\052\000\040\006\052\006\110\006\104\006\314\006\057}{section.2.1}% 26
\BOOKMARK [1][-]{section.2.2}{\376\377\006\105\006\057\006\104\040\014\006\107\006\047\006\314\000\040\006\047\006\106\006\052\006\064\006\047\006\061\000\040\006\105\006\050\006\052\006\106\006\314\000\040\006\050\006\061\000\040\006\105\006\050\006\057\006\104}{chapter.2}% 27
\BOOKMARK [2][-]{subsection.2.2.1}{\376\377\006\105\006\057\006\104\000\040\000G\000e\000n\000V\000i\000T}{section.2.2}% 28
\BOOKMARK [2][-]{subsection.2.2.2}{\376\377\006\105\006\057\006\104\000\040\000U\000-\000V\000i\000T}{section.2.2}% 29
\BOOKMARK [2][-]{subsection.2.2.3}{\376\377\006\105\006\057\006\104\000\040\000D\000i\000T}{section.2.2}% 30
\BOOKMARK [1][-]{section.2.3}{\376\377\006\061\006\110\006\106\006\057\006\107\006\047\006\314\000\040\006\052\006\251\006\105\006\314\006\104\006\314\000\040\006\057\006\061\000\040\006\105\006\057\006\104\040\014\006\107\006\047\006\314\000\040\006\047\006\106\006\052\006\064\006\047\006\061\000\040\006\105\006\050\006\052\006\106\006\314\000\040\006\050\006\061\000\040\006\105\006\050\006\057\006\104}{chapter.2}% 31
\BOOKMARK [2][-]{subsection.2.3.1}{\376\377\006\052\006\110\006\104\006\314\006\057\000\040\006\064\006\061\006\067\006\314}{section.2.3}% 32
\BOOKMARK [2][-]{subsection.2.3.2}{\376\377\006\251\006\047\006\061\006\050\006\061\006\057\006\107\006\047}{section.2.3}% 33
\BOOKMARK [2][-]{subsection.2.3.3}{\376\377\006\105\006\055\006\104\006\314\006\052\000\040\006\110\000\040\006\110\006\314\006\230\006\257\006\314\040\014\006\107\006\047\006\314\000\040\006\061\006\314\006\062\006\057\006\047\006\106\006\107}{section.2.3}% 34
\BOOKMARK [1][-]{section.2.4}{\376\377\006\105\006\071\006\105\006\047\006\061\006\314\040\014\006\107\006\047\006\314\000\040\006\054\006\061\006\314\006\047\006\106\000\040\006\057\006\110\006\257\006\047\006\106\006\107}{chapter.2}% 35
\BOOKMARK [1][-]{section.2.5}{\376\377\006\052\006\054\006\105\006\314\006\071\000\040\006\110\006\314\006\230\006\257\006\314\000\040\006\110\000\040\006\052\006\110\006\251\006\106}{chapter.2}% 36
\BOOKMARK [1][-]{section.2.6}{\376\377\006\061\006\110\006\064\040\014\006\107\006\047\006\314\000\040\006\052\006\106\006\070\006\314\006\105\000\040\006\057\006\102\006\314\006\102}{chapter.2}% 37
\BOOKMARK [2][-]{subsection.2.6.1}{\376\377\006\052\006\106\006\070\006\314\006\105\000\040\006\057\006\102\006\314\006\102\000\040\006\176\006\047\006\061\006\047\006\105\006\052\006\061\000-\006\251\006\047\006\061\006\047}{section.2.6}% 38
\BOOKMARK [0][-]{chapter.3}{\376\377\006\105\006\071\006\105\006\047\006\061\006\314\000\040\006\176\006\314\006\064\006\106\006\107\006\047\006\057\006\314\000:\000\040\000D\000u\000o\000D\000i\000T}{}% 39
\BOOKMARK [1][-]{section.3.1}{\376\377\006\105\006\071\006\105\006\047\006\061\006\314\000\040\006\105\006\057\006\104}{chapter.3}% 40
\BOOKMARK [2][-]{subsection.3.1.1}{\376\377\006\052\006\071\006\050\006\314\006\107\040\014\006\063\006\047\006\062\000\040\006\176\006\206\000\040\006\050\006\047\000\040\006\110\006\066\006\110\006\055\000\040\006\050\006\047\006\104\006\047}{section.3.1}% 41
\BOOKMARK [2][-]{subsection.3.1.2}{\376\377\006\061\006\110\006\064\040\014\006\107\006\047\006\314\000\040\006\052\006\054\006\105\006\314\006\071\000\040\006\110\006\314\006\230\006\257\006\314}{section.3.1}% 42
\BOOKMARK [2][-]{subsection.3.1.3}{\376\377\006\061\006\110\006\064\000\040\006\052\006\054\006\105\006\314\006\071\000\040\006\110\006\314\006\230\006\257\006\314\000\040\006\050\006\047\000\040\006\052\006\110\006\251\006\106}{section.3.1}% 43
\BOOKMARK [2][-]{subsection.3.1.4}{\376\377\006\105\006\050\006\057\006\104\000\040\006\050\006\314\006\106\006\047\006\314\006\314\000\040\006\050\006\107\000\040\006\071\006\106\006\110\006\047\006\106\000\040\006\056\006\050\006\061\006\107\000\040\000\050\000V\000i\000T\000\040\000a\000s\000\040\000E\000x\000p\000e\000r\000t\000\051}{section.3.1}% 44
\BOOKMARK [2][-]{subsection.3.1.5}{\376\377\006\064\006\061\006\067\040\014\006\257\006\060\006\047\006\061\006\314\000\040\006\047\006\056\006\052\006\314\006\047\006\061\006\314\000\040\006\050\006\047\000\040\000F\000i\000L\000M}{section.3.1}% 45
\BOOKMARK [2][-]{subsection.3.1.6}{\376\377\006\047\006\057\006\072\006\047\006\105\000\040\006\106\006\107\006\047\006\314\006\314}{section.3.1}% 46
\BOOKMARK [1][-]{section.3.2}{\376\377\006\047\006\063\006\052\006\061\006\047\006\052\006\230\006\314\000\040\006\042\006\105\006\110\006\062\006\064\000\040\006\110\000\040\006\052\006\106\006\070\006\314\006\105\000\040\006\057\006\102\006\314\006\102}{chapter.3}% 47
\BOOKMARK [2][-]{subsection.3.2.1}{\376\377\006\105\006\057\006\314\006\061\006\314\006\052\000\040\006\176\006\047\006\061\006\047\006\105\006\052\006\061\006\107\006\047\006\314\000\040\006\105\006\106\006\054\006\105\006\057\000\040\006\110\000\040\006\042\006\105\006\110\006\062\006\064\040\014\006\176\006\060\006\314\006\061}{section.3.2}% 48
\BOOKMARK [2][-]{subsection.3.2.2}{\376\377\006\105\006\102\006\057\006\047\006\061\006\057\006\107\006\314\000\040\006\047\006\110\006\104\006\314\006\107\000\040\006\050\006\047\000\040\006\110\006\062\006\106\040\014\006\107\006\047\006\314\000\040\006\176\006\314\006\064\040\014\006\042\006\105\006\110\006\062\006\064\040\014\006\057\006\314\006\057\006\107}{section.3.2}% 49
\BOOKMARK [2][-]{subsection.3.2.3}{\376\377\006\052\006\053\006\050\006\314\006\052\000\040\006\042\006\105\006\110\006\062\006\064\000\040\006\050\006\047\000\040\000E\000M\000A}{section.3.2}% 50
\BOOKMARK [2][-]{subsection.3.2.4}{\376\377\006\047\006\104\006\257\006\110\006\061\006\314\006\052\006\105\000\040\006\042\006\105\006\110\006\062\006\064}{section.3.2}% 51
\BOOKMARK [2][-]{subsection.3.2.5}{\376\377\006\251\006\047\006\061\006\047\006\314\006\314\000\040\006\176\006\047\006\061\006\047\006\105\006\052\006\061\006\314}{section.3.2}% 52
\BOOKMARK [1][-]{section.3.3}{\376\377\006\052\006\047\006\050\006\071\000\040\006\107\006\062\006\314\006\106\006\107}{chapter.3}% 53
\BOOKMARK [1][-]{section.3.4}{\376\377\006\054\006\105\006\071\040\014\006\050\006\106\006\057\006\314}{chapter.3}% 54
\BOOKMARK [0][-]{chapter.4}{\376\377\006\042\006\062\006\105\006\047\006\314\006\064\040\014\006\107\006\047\006\014\000\040\006\106\006\052\006\047\006\314\006\054\000\040\006\110\000\040\006\052\006\055\006\104\006\314\006\104}{}% 55
\BOOKMARK [1][-]{section.4.1}{\376\377\006\176\006\314\006\251\006\061\006\050\006\106\006\057\006\314\000\040\006\042\006\062\006\105\006\047\006\314\006\064}{chapter.4}% 56
\BOOKMARK [2][-]{subsection.4.1.1}{\376\377\006\054\006\062\006\046\006\314\006\047\006\052\000\040\006\176\006\314\006\047\006\057\006\107\040\014\006\063\006\047\006\062\006\314}{section.4.1}% 57
\BOOKMARK [1][-]{section.4.2}{\376\377\006\106\006\052\006\047\006\314\006\054\000\040\006\251\006\105\006\314}{chapter.4}% 58
\BOOKMARK [1][-]{section.4.3}{\376\377\006\106\006\052\006\047\006\314\006\054\000\040\006\251\006\314\006\101\006\314}{chapter.4}% 59
\BOOKMARK [1][-]{section.4.4}{\376\377\006\105\006\067\006\047\006\104\006\071\006\107\000\040\006\047\006\106\006\063\006\047\006\106\006\314}{chapter.4}% 60
\BOOKMARK [1][-]{section.4.5}{\376\377\006\107\006\062\006\314\006\106\006\107\000\040\006\105\006\055\006\047\006\063\006\050\006\047\006\052\006\314\000\040\006\110\000\040\006\251\006\047\006\061\006\047\006\314\006\314\000\040\006\176\006\047\006\061\006\047\006\105\006\052\006\061\006\314}{chapter.4}% 61
\BOOKMARK [1][-]{section.4.6}{\376\377\006\105\006\067\006\047\006\104\006\071\006\047\006\052\000\040\006\055\006\060\006\101\006\314}{chapter.4}% 62
\BOOKMARK [2][-]{subsection.4.6.1}{\376\377\006\061\006\047\006\107\006\050\006\061\006\057\006\107\006\047\006\314\000\040\006\052\006\054\006\105\006\314\006\071\000\040\006\110\006\314\006\230\006\257\006\314}{section.4.6}% 63
\BOOKMARK [2][-]{subsection.4.6.2}{\376\377\006\071\006\105\006\102\000\040\006\064\006\047\006\056\006\107\000\040\006\057\006\110\006\105}{section.4.6}% 64
\BOOKMARK [2][-]{subsection.4.6.3}{\376\377\006\110\006\314\006\230\006\257\006\314\040\014\006\107\006\047\006\314\000\040\006\064\006\047\006\056\006\107\000\040\006\057\006\110\006\105\000\040\006\110\000\040\006\066\006\061\006\314\006\050\000\040\000C\000F\000G}{section.4.6}% 65
\BOOKMARK [1][-]{section.4.7}{\376\377\006\050\006\055\006\053}{chapter.4}% 66
\BOOKMARK [0][-]{chapter.5}{\376\377\006\106\006\052\006\314\006\054\006\107\040\014\006\257\006\314\006\061\006\314\000\040\006\110\000\040\006\176\006\314\006\064\006\106\006\107\006\047\006\057\006\107\006\047}{}% 67
\BOOKMARK [1][-]{section.5.1}{\376\377\006\056\006\104\006\047\006\065\006\107\000\040\006\110\000\040\006\057\006\063\006\052\006\047\006\110\006\061\006\057\006\107\006\047}{chapter.5}% 68
\BOOKMARK [1][-]{section.5.2}{\376\377\006\176\006\314\006\064\006\106\006\107\006\047\006\057\006\107\006\047\006\314\006\314\000\040\006\050\006\061\006\047\006\314\000\040\006\176\006\230\006\110\006\107\006\064\040\014\006\107\006\047\006\314\000\040\006\042\006\314\006\106\006\057\006\107}{chapter.5}% 69
\BOOKMARK [0][-]{chapter*.9}{\376\377\006\251\006\052\006\047\006\050\040\014\006\106\006\047\006\105\006\107}{}% 70
