This is XeTeX, Version 3.141592653-2.6-0.999998 (MiKTeX 26.5) (preloaded format=xelatex 2026.8.10)  28 AUG 2026 12:45
entering extended mode
 restricted \write18 enabled.
 file:line:error style messages enabled.
 %&-line parsing enabled.
**"c:/Users/Stock Star/Documents/GitHub/DuoDiT-Thesis-main/TMU_thesis.tex"
(c:/Users/Stock Star/Documents/GitHub/DuoDiT-Thesis-main/TMU_thesis.tex
LaTeX2e <2025-11-01>
L3 programming layer <2026-04-28>
(TarbiatModares.cls

LaTeX Warning: You have requested document class `TarbiatModares',
               but the document class provides `VThesis'.

Document Class: VThesis 10/21/2011 v0.4 Persian thesis document class in XeLaTe
X for University of Tabriz projects/theses/dissertations
(C:\Users\Stock Star\AppData\Local\Programs\MiKTeX\tex/latex/base\book.cls
Document Class: book 2025/01/22 v1.4n Standard LaTeX document class
(C:\Users\Stock Star\AppData\Local\Programs\MiKTeX\tex/latex/base\bk12.clo
File: bk12.clo 2025/01/22 v1.4n Standard LaTeX file (size option)
)
\c@part=\count272
\c@chapter=\count273
\c@section=\count274
\c@subsection=\count275
\c@subsubsection=\count276
\c@paragraph=\count277
\c@subparagraph=\count278
\c@figure=\count279
\c@table=\count280
\abovecaptionskip=\skip49
\belowcaptionskip=\skip50
\bibindent=\dimen150
))
(commands.tex
(C:\Users\Stock Star\AppData\Local\Programs\MiKTeX\tex/latex/pdfpages\pdfpages.
sty
Package: pdfpages 2026/03/30 v0.6h Insert pages of external PDF documents (AM)

(C:\Users\Stock Star\AppData\Local\Programs\MiKTeX\tex/latex/base\ifthen.sty
Package: ifthen 2024/03/16 v1.1e Standard LaTeX ifthen package (DPC)
)
(C:\Users\Stock Star\AppData\Local\Programs\MiKTeX\tex/latex/tools\calc.sty
Package: calc 2025/03/01 v4.3b Infix arithmetic (KKT,FJ)
\calc@Acount=\count281
\calc@Bcount=\count282
\calc@Adimen=\dimen151
\calc@Bdimen=\dimen152
\calc@Askip=\skip51
\calc@Bskip=\skip52
LaTeX Info: Redefining \setlength on input line 86.
LaTeX Info: Redefining \addtolength on input line 87.
\calc@Ccount=\count283
\calc@Cskip=\skip53
)
(C:\Users\Stock Star\AppData\Local\Programs\MiKTeX\tex/latex/eso-pic\eso-pic.st
y
Package: eso-pic 2026/05/31 v3.0e eso-pic (RN)
\ESO@tempdima=\dimen153
\ESO@tempdimb=\dimen154

(C:\Users\Stock Star\AppData\Local\Programs\MiKTeX\tex/latex/graphics\keyval.st
y
Package: keyval 2022/05/29 v1.15 key=value parser (DPC)
\KV@toks@=\toks17
)
(C:\Users\Stock Star\AppData\Local\Programs\MiKTeX\tex/latex/xcolor\xcolor.sty
Package: xcolor 2024/09/29 v3.02 LaTeX color extensions (UK)

(C:\Users\Stock Star\AppData\Local\Programs\MiKTeX\tex/latex/graphics-cfg\color
.cfg
File: color.cfg 2016/01/02 v1.6 sample color configuration
)
Package xcolor Info: Driver file: xetex.def on input line 274.

(C:\Users\Stock Star\AppData\Local\Programs\MiKTeX\tex/latex/graphics-def\xetex
.def
File: xetex.def 2025/11/01 v5.0p Graphics/color driver for xetex
)
(C:\Users\Stock Star\AppData\Local\Programs\MiKTeX\tex/latex/graphics\mathcolor
.ltx)
Package xcolor Info: Model `cmy' substituted by `cmy0' on input line 1349.
Package xcolor Info: Model `RGB' extended on input line 1365.
Package xcolor Info: Model `HTML' substituted by `rgb' on input line 1367.
Package xcolor Info: Model `Hsb' substituted by `hsb' on input line 1368.
Package xcolor Info: Model `tHsb' substituted by `hsb' on input line 1369.
Package xcolor Info: Model `HSB' substituted by `hsb' on input line 1370.
Package xcolor Info: Model `Gray' substituted by `gray' on input line 1371.
Package xcolor Info: Model `wave' substituted by `hsb' on input line 1372.
))
(C:\Users\Stock Star\AppData\Local\Programs\MiKTeX\tex/latex/etoolbox\etoolbox.
sty
Package: etoolbox 2025/10/02 v2.5m e-TeX tools for LaTeX (JAW)
\etb@tempcnta=\count284
)
(C:\Users\Stock Star\AppData\Local\Programs\MiKTeX\tex/latex/graphics\graphicx.
sty
Package: graphicx 2024/12/31 v1.2e Enhanced LaTeX Graphics (DPC,SPQR)

(C:\Users\Stock Star\AppData\Local\Programs\MiKTeX\tex/latex/graphics\graphics.
sty
Package: graphics 2024/08/06 v1.4g Standard LaTeX Graphics (DPC,SPQR)

(C:\Users\Stock Star\AppData\Local\Programs\MiKTeX\tex/latex/graphics\trig.sty
Package: trig 2023/12/02 v1.11 sin cos tan (DPC)
)
(C:\Users\Stock Star\AppData\Local\Programs\MiKTeX\tex/latex/graphics-cfg\graph
ics.cfg
File: graphics.cfg 2016/06/04 v1.11 sample graphics configuration
)
Package graphics Info: Driver file: xetex.def on input line 106.
)
\Gin@req@height=\dimen155
\Gin@req@width=\dimen156
)
\AM@pagewidth=\dimen157
\AM@pageheight=\dimen158
\AM@fboxrule=\dimen159

(C:\Users\Stock Star\AppData\Local\Programs\MiKTeX\tex/latex/pdfpages\ppxetex.d
ef
File: ppxetex.def 2026/03/30 v0.6h Pdfpages driver for XeTeX (AM)
)
\pdfpages@includegraphics@status=\count285
\AM@pagebox=\box53
\AM@global@opts=\toks18
\AM@pagecnt=\count286
\AM@toc@title=\toks19
\AM@lof@heading=\toks20
\c@AM@survey=\count287
\AM@templatesizebox=\box54
)
(C:\Users\Stock Star\AppData\Local\Programs\MiKTeX\tex/latex/algorithms\algorit
hm.sty
Invalid UTF-8 byte or sequence at line 11 replaced by U+FFFD.
Package: algorithm 2009/08/24 v0.1 Document Style `algorithm' - floating enviro
nment

(C:\Users\Stock Star\AppData\Local\Programs\MiKTeX\tex/latex/float\float.sty
Package: float 2001/11/08 v1.3d Float enhancements (AL)
\c@float@type=\count288
\float@exts=\toks21
\float@box=\box55
\@float@everytoks=\toks22
\@floatcapt=\box56
)
\@float@every@algorithm=\toks23
\c@algorithm=\count289
)
(C:\Users\Stock Star\AppData\Local\Programs\MiKTeX\tex/latex/algorithmicx\algor
ithmicx.sty
Package: algorithmicx 2005/04/27 v1.2 Algorithmicx

Document Style algorithmicx 1.2 - a greatly improved `algorithmic' style
\c@ALG@line=\count290
\c@ALG@rem=\count291
\c@ALG@nested=\count292
\ALG@tlm=\skip54
\ALG@thistlm=\skip55
\c@ALG@Lnr=\count293
\c@ALG@blocknr=\count294
\c@ALG@storecount=\count295
\c@ALG@tmpcounter=\count296
\ALG@tmplength=\skip56
)
(C:\Users\Stock Star\AppData\Local\Programs\MiKTeX\tex/latex/algorithmicx\algps
eudocode.sty
Package: algpseudocode 

Document Style - pseudocode environments for use with the `algorithmicx' style
) (multirow.sty
\bigstrutjot=\dimen160
)
(C:\Users\Stock Star\AppData\Local\Programs\MiKTeX\tex/latex/graphics\rotating.
sty
Package: rotating 2025/01/14 v2.16e rotated objects in LaTeX
\c@r@tfl@t=\count297
\rotFPtop=\skip57
\rotFPbot=\skip58
\rot@float@box=\box57
\rot@mess@toks=\toks24
)
(C:\Users\Stock Star\AppData\Local\Programs\MiKTeX\tex/latex/graphics\lscape.st
y
Package: lscape 2020/05/28 v3.02 Landscape Pages (DPC)
)
(C:\Users\Stock Star\AppData\Local\Programs\MiKTeX\tex/latex/pythonhighlight\py
thonhighlight.sty
Package: pythonhighlight 2024/03/18 python code highlighting; provided by Olivi
er Verdier <olivier.verdier@gmail.com>

(C:\Users\Stock Star\AppData\Local\Programs\MiKTeX\tex/latex/listings\listings.
sty
\lst@mode=\count298
\lst@gtempboxa=\box58
\lst@token=\toks25
\lst@length=\count299
\lst@currlwidth=\dimen161
\lst@column=\count300
\lst@pos=\count301
\lst@lostspace=\dimen162
\lst@width=\dimen163
\lst@newlines=\count302
\lst@lineno=\count303
\lst@maxwidth=\dimen164

(C:\Users\Stock Star\AppData\Local\Programs\MiKTeX\tex/latex/listings\lstpatch.
sty
File: lstpatch.sty 2025/11/14 1.11b (Carsten Heinz)
)
(C:\Users\Stock Star\AppData\Local\Programs\MiKTeX\tex/latex/listings\lstmisc.s
ty
File: lstmisc.sty 2025/11/14 1.11b (Carsten Heinz)
\c@lstnumber=\count304
\lst@skipnumbers=\count305
\lst@framebox=\box59
)
(C:\Users\Stock Star\AppData\Local\Programs\MiKTeX\tex/latex/listings\listings.
cfg
File: listings.cfg 2025/11/14 1.11b listings configuration
))
Package: listings 2025/11/14 1.11b (Carsten Heinz)

==> First Aid for listings.sty no longer applied!
    Expected:
        2024/09/23 1.10c (Carsten Heinz)
    but found:
        2025/11/14 1.11b (Carsten Heinz)
    so I'm assuming it got fixed.

(C:\Users\Stock Star\AppData\Local\Programs\MiKTeX\tex/latex/l3packages/xparse\
xparse.sty
(C:\Users\Stock Star\AppData\Local\Programs\MiKTeX\tex/latex/l3kernel\expl3.sty
Package: expl3 2026-04-28 L3 programming layer (loader) 

(C:\Users\Stock Star\AppData\Local\Programs\MiKTeX\tex/latex/l3backend\l3backen
d-xetex.def
File: l3backend-xetex.def 2026-02-18 L3 backend support: XeTeX
\g__graphics_track_int=\count306
\g__pdfannot_backend_int=\count307
\g__pdfannot_backend_link_int=\count308
))
Package: xparse 2025-10-09 L3 Experimental document command parser
))
(C:\Users\Stock Star\AppData\Local\Programs\MiKTeX\tex/latex/amscls\amsthm.sty
Package: amsthm 2020/05/29 v2.20.6
\thm@style=\toks26
\thm@bodyfont=\toks27
\thm@headfont=\toks28
\thm@notefont=\toks29
\thm@headpunct=\toks30
\thm@preskip=\skip59
\thm@postskip=\skip60
\thm@headsep=\skip61
\dth@everypar=\toks31
)
(C:\Users\Stock Star\AppData\Local\Programs\MiKTeX\tex/latex/amsfonts\amssymb.s
ty
Package: amssymb 2013/01/14 v3.01 AMS font symbols

(C:\Users\Stock Star\AppData\Local\Programs\MiKTeX\tex/latex/amsfonts\amsfonts.
sty
Package: amsfonts 2013/01/14 v3.01 Basic AMSFonts support
\@emptytoks=\toks32
\symAMSa=\mathgroup4
\symAMSb=\mathgroup5
LaTeX Font Info:    Redeclaring math symbol \hbar on input line 98.
LaTeX Font Info:    Overwriting math alphabet `\mathfrak' in version `bold'
(Font)                  U/euf/m/n --> U/euf/b/n on input line 106.
))
(C:\Users\Stock Star\AppData\Local\Programs\MiKTeX\tex/latex/amsmath\amsmath.st
y
Package: amsmath 2025/07/09 v2.17z AMS math features
\@mathmargin=\skip62

For additional information on amsmath, use the `?' option.

(C:\Users\Stock Star\AppData\Local\Programs\MiKTeX\tex/latex/amsmath\amstext.st
y
Package: amstext 2024/11/17 v2.01 AMS text

(C:\Users\Stock Star\AppData\Local\Programs\MiKTeX\tex/latex/amsmath\amsgen.sty
File: amsgen.sty 1999/11/30 v2.0 generic functions
\@emptytoks=\toks33
\ex@=\dimen165
))
(C:\Users\Stock Star\AppData\Local\Programs\MiKTeX\tex/latex/amsmath\amsbsy.sty
Package: amsbsy 1999/11/29 v1.2d Bold Symbols
\pmbraise@=\dimen166
)
(C:\Users\Stock Star\AppData\Local\Programs\MiKTeX\tex/latex/amsmath\amsopn.sty
Package: amsopn 2022/04/08 v2.04 operator names
)
\inf@bad=\count309
LaTeX Info: Redefining \frac on input line 233.
\uproot@=\count310
\leftroot@=\count311
LaTeX Info: Redefining \overline on input line 398.
LaTeX Info: Redefining \colon on input line 409.
\classnum@=\count312
\DOTSCASE@=\count313
LaTeX Info: Redefining \ldots on input line 495.
LaTeX Info: Redefining \dots on input line 498.
LaTeX Info: Redefining \cdots on input line 619.
\Mathstrutbox@=\box60
\strutbox@=\box61
LaTeX Info: Redefining \big on input line 721.
LaTeX Info: Redefining \Big on input line 722.
LaTeX Info: Redefining \bigg on input line 723.
LaTeX Info: Redefining \Bigg on input line 724.
\big@size=\dimen167
LaTeX Font Info:    Redeclaring font encoding OML on input line 742.
LaTeX Font Info:    Redeclaring font encoding OMS on input line 743.
\macc@depth=\count314
LaTeX Info: Redefining \bmod on input line 904.
LaTeX Info: Redefining \pmod on input line 909.
LaTeX Info: Redefining \smash on input line 939.
LaTeX Info: Redefining \relbar on input line 969.
LaTeX Info: Redefining \Relbar on input line 970.
\c@MaxMatrixCols=\count315
\dotsspace@=\muskip17
\c@parentequation=\count316
\dspbrk@lvl=\count317
\tag@help=\toks34
\row@=\count318
\column@=\count319
\maxfields@=\count320
\andhelp@=\toks35
\eqnshift@=\dimen168
\alignsep@=\dimen169
\tagshift@=\dimen170
\tagwidth@=\dimen171
\totwidth@=\dimen172
\lineht@=\dimen173
\@envbody=\toks36
\multlinegap=\skip63
\multlinetaggap=\skip64
\mathdisplay@stack=\toks37
LaTeX Info: Redefining \[ on input line 2950.
LaTeX Info: Redefining \] on input line 2951.
)
(C:\Users\Stock Star\AppData\Local\Programs\MiKTeX\tex/latex/doublestroke\dsfon
t.sty
Package: dsfont 1995/08/01 v0.1 Double stroke roman fonts
)
(C:\Users\Stock Star\AppData\Local\Programs\MiKTeX\tex/latex/geometry\geometry.
sty
Package: geometry 2026/03/07 v6.0 Page Geometry

(C:\Users\Stock Star\AppData\Local\Programs\MiKTeX\tex/generic/iftex\ifvtex.sty
Package: ifvtex 2019/10/25 v1.7 ifvtex legacy package. Use iftex instead.
(C:\Users\Stock Star\AppData\Local\Programs\MiKTeX\tex/generic/iftex\iftex.sty
Package: iftex 2024/12/12 v1.0g TeX engine tests
))
\Gm@cnth=\count321
\Gm@cntv=\count322
\c@Gm@tempcnt=\count323
\Gm@bindingoffset=\dimen174
\Gm@wd@mp=\dimen175
\Gm@odd@mp=\dimen176
\Gm@even@mp=\dimen177
\Gm@layoutwidth=\dimen178
\Gm@layoutheight=\dimen179
\Gm@layouthoffset=\dimen180
\Gm@layoutvoffset=\dimen181
\Gm@dimlist=\toks38

(C:\Users\Stock Star\AppData\Local\Programs\MiKTeX\tex/latex/geometry\geometry.
cfg))
(C:\Users\Stock Star\AppData\Local\Programs\MiKTeX\tex/latex/lastpage\lastpage.
sty
Package: lastpage 2025/08/14 v2.1h lastpage: 2.09 or 2e? (HMM)

(C:\Users\Stock Star\AppData\Local\Programs\MiKTeX\tex/latex/lastpage\lastpage2
e.sty
Package: lastpage2e 2025/08/14 v2.1h Decide which 2e lastpage version to use (H
MM)

(C:\Users\Stock Star\AppData\Local\Programs\MiKTeX\tex/latex/lastpage\lastpagem
odern.sty
Package: lastpagemodern 2025-08-14 v2.1h Refers to last page's name (HMM; JPG)
\c@lastpagecount=\count324
) 
))
(C:\Users\Stock Star\AppData\Local\Programs\MiKTeX\tex/latex/pgf/frontendlayer\
tikz.sty
(C:\Users\Stock Star\AppData\Local\Programs\MiKTeX\tex/latex/pgf/basiclayer\pgf
.sty
(C:\Users\Stock Star\AppData\Local\Programs\MiKTeX\tex/latex/pgf/utilities\pgfr
cs.sty
(C:\Users\Stock Star\AppData\Local\Programs\MiKTeX\tex/generic/pgf/utilities\pg
futil-common.tex
\pgfutil@everybye=\toks39
\pgfutil@tempdima=\dimen182
\pgfutil@tempdimb=\dimen183
)
(C:\Users\Stock Star\AppData\Local\Programs\MiKTeX\tex/generic/pgf/utilities\pg
futil-latex.def
\pgfutil@abb=\box62
)
(C:\Users\Stock Star\AppData\Local\Programs\MiKTeX\tex/generic/pgf/utilities\pg
frcs.code.tex
(C:\Users\Stock Star\AppData\Local\Programs\MiKTeX\tex/generic/pgf\pgf.revision
.tex)
Package: pgfrcs 2025-08-29 v3.1.11a (3.1.11a)
))
Package: pgf 2025-08-29 v3.1.11a (3.1.11a)

(C:\Users\Stock Star\AppData\Local\Programs\MiKTeX\tex/latex/pgf/basiclayer\pgf
core.sty
(C:\Users\Stock Star\AppData\Local\Programs\MiKTeX\tex/latex/pgf/systemlayer\pg
fsys.sty
(C:\Users\Stock Star\AppData\Local\Programs\MiKTeX\tex/generic/pgf/systemlayer\
pgfsys.code.tex
Package: pgfsys 2025-08-29 v3.1.11a (3.1.11a)

(C:\Users\Stock Star\AppData\Local\Programs\MiKTeX\tex/generic/pgf/utilities\pg
fkeys.code.tex
\pgfkeys@pathtoks=\toks40
\pgfkeys@temptoks=\toks41

(C:\Users\Stock Star\AppData\Local\Programs\MiKTeX\tex/generic/pgf/utilities\pg
fkeyslibraryfiltered.code.tex
\pgfkeys@tmptoks=\toks42
))
\pgf@x=\dimen184
\pgf@y=\dimen185
\pgf@xa=\dimen186
\pgf@ya=\dimen187
\pgf@xb=\dimen188
\pgf@yb=\dimen189
\pgf@xc=\dimen190
\pgf@yc=\dimen191
\pgf@xd=\dimen192
\pgf@yd=\dimen193
\w@pgf@writea=\write3
\r@pgf@reada=\read2
\c@pgf@counta=\count325
\c@pgf@countb=\count326
\c@pgf@countc=\count327
\c@pgf@countd=\count328
\t@pgf@toka=\toks43
\t@pgf@tokb=\toks44
\t@pgf@tokc=\toks45
\pgf@sys@id@count=\count329

(C:\Users\Stock Star\AppData\Local\Programs\MiKTeX\tex/generic/pgf/systemlayer\
pgf.cfg
File: pgf.cfg 2025-08-29 v3.1.11a (3.1.11a)
)
Driver file for pgf: pgfsys-xetex.def

(C:\Users\Stock Star\AppData\Local\Programs\MiKTeX\tex/generic/pgf/systemlayer\
pgfsys-xetex.def
File: pgfsys-xetex.def 2025-08-29 v3.1.11a (3.1.11a)

(C:\Users\Stock Star\AppData\Local\Programs\MiKTeX\tex/generic/pgf/systemlayer\
pgfsys-dvipdfmx.def
File: pgfsys-dvipdfmx.def 2025-08-29 v3.1.11a (3.1.11a)

(C:\Users\Stock Star\AppData\Local\Programs\MiKTeX\tex/generic/pgf/systemlayer\
pgfsys-common-pdf.def
File: pgfsys-common-pdf.def 2025-08-29 v3.1.11a (3.1.11a)
)
\pgfsys@objnum=\count330
)))
(C:\Users\Stock Star\AppData\Local\Programs\MiKTeX\tex/generic/pgf/systemlayer\
pgfsyssoftpath.code.tex
File: pgfsyssoftpath.code.tex 2025-08-29 v3.1.11a (3.1.11a)
\pgfsyssoftpath@smallbuffer@items=\count331
\pgfsyssoftpath@bigbuffer@items=\count332
)
(C:\Users\Stock Star\AppData\Local\Programs\MiKTeX\tex/generic/pgf/systemlayer\
pgfsysprotocol.code.tex
File: pgfsysprotocol.code.tex 2025-08-29 v3.1.11a (3.1.11a)
))
(C:\Users\Stock Star\AppData\Local\Programs\MiKTeX\tex/generic/pgf/basiclayer\p
gfcore.code.tex
Package: pgfcore 2025-08-29 v3.1.11a (3.1.11a)

(C:\Users\Stock Star\AppData\Local\Programs\MiKTeX\tex/generic/pgf/math\pgfmath
.code.tex
(C:\Users\Stock Star\AppData\Local\Programs\MiKTeX\tex/generic/pgf/math\pgfmath
util.code.tex)
(C:\Users\Stock Star\AppData\Local\Programs\MiKTeX\tex/generic/pgf/math\pgfmath
parser.code.tex
\pgfmath@dimen=\dimen194
\pgfmath@count=\count333
\pgfmath@box=\box63
\pgfmath@toks=\toks46
\pgfmath@stack@operand=\toks47
\pgfmath@stack@operation=\toks48
)
(C:\Users\Stock Star\AppData\Local\Programs\MiKTeX\tex/generic/pgf/math\pgfmath
functions.code.tex)
(C:\Users\Stock Star\AppData\Local\Programs\MiKTeX\tex/generic/pgf/math\pgfmath
functions.basic.code.tex)
(C:\Users\Stock Star\AppData\Local\Programs\MiKTeX\tex/generic/pgf/math\pgfmath
functions.trigonometric.code.tex)
(C:\Users\Stock Star\AppData\Local\Programs\MiKTeX\tex/generic/pgf/math\pgfmath
functions.random.code.tex)
(C:\Users\Stock Star\AppData\Local\Programs\MiKTeX\tex/generic/pgf/math\pgfmath
functions.comparison.code.tex)
(C:\Users\Stock Star\AppData\Local\Programs\MiKTeX\tex/generic/pgf/math\pgfmath
functions.base.code.tex)
(C:\Users\Stock Star\AppData\Local\Programs\MiKTeX\tex/generic/pgf/math\pgfmath
functions.round.code.tex)
(C:\Users\Stock Star\AppData\Local\Programs\MiKTeX\tex/generic/pgf/math\pgfmath
functions.misc.code.tex)
(C:\Users\Stock Star\AppData\Local\Programs\MiKTeX\tex/generic/pgf/math\pgfmath
functions.integerarithmetics.code.tex)
(C:\Users\Stock Star\AppData\Local\Programs\MiKTeX\tex/generic/pgf/math\pgfmath
calc.code.tex)
(C:\Users\Stock Star\AppData\Local\Programs\MiKTeX\tex/generic/pgf/math\pgfmath
float.code.tex
\c@pgfmathroundto@lastzeros=\count334
))
(C:\Users\Stock Star\AppData\Local\Programs\MiKTeX\tex/generic/pgf/math\pgfint.
code.tex)
(C:\Users\Stock Star\AppData\Local\Programs\MiKTeX\tex/generic/pgf/basiclayer\p
gfcorepoints.code.tex
File: pgfcorepoints.code.tex 2025-08-29 v3.1.11a (3.1.11a)
\pgf@picminx=\dimen195
\pgf@picmaxx=\dimen196
\pgf@picminy=\dimen197
\pgf@picmaxy=\dimen198
\pgf@pathminx=\dimen199
\pgf@pathmaxx=\dimen256
\pgf@pathminy=\dimen257
\pgf@pathmaxy=\dimen258
\pgf@xx=\dimen259
\pgf@xy=\dimen260
\pgf@yx=\dimen261
\pgf@yy=\dimen262
\pgf@zx=\dimen263
\pgf@zy=\dimen264
)
(C:\Users\Stock Star\AppData\Local\Programs\MiKTeX\tex/generic/pgf/basiclayer\p
gfcorepathconstruct.code.tex
File: pgfcorepathconstruct.code.tex 2025-08-29 v3.1.11a (3.1.11a)
\pgf@path@lastx=\dimen265
\pgf@path@lasty=\dimen266
)
(C:\Users\Stock Star\AppData\Local\Programs\MiKTeX\tex/generic/pgf/basiclayer\p
gfcorepathusage.code.tex
File: pgfcorepathusage.code.tex 2025-08-29 v3.1.11a (3.1.11a)
\pgf@shorten@end@additional=\dimen267
\pgf@shorten@start@additional=\dimen268
)
(C:\Users\Stock Star\AppData\Local\Programs\MiKTeX\tex/generic/pgf/basiclayer\p
gfcorescopes.code.tex
File: pgfcorescopes.code.tex 2025-08-29 v3.1.11a (3.1.11a)
\pgfpic=\box64
\pgf@hbox=\box65
\pgf@layerbox@main=\box66
\pgf@picture@serial@count=\count335
)
(C:\Users\Stock Star\AppData\Local\Programs\MiKTeX\tex/generic/pgf/basiclayer\p
gfcoregraphicstate.code.tex
File: pgfcoregraphicstate.code.tex 2025-08-29 v3.1.11a (3.1.11a)
\pgflinewidth=\dimen269
)
(C:\Users\Stock Star\AppData\Local\Programs\MiKTeX\tex/generic/pgf/basiclayer\p
gfcoretransformations.code.tex
File: pgfcoretransformations.code.tex 2025-08-29 v3.1.11a (3.1.11a)
\pgf@pt@x=\dimen270
\pgf@pt@y=\dimen271
\pgf@pt@temp=\dimen272
)
(C:\Users\Stock Star\AppData\Local\Programs\MiKTeX\tex/generic/pgf/basiclayer\p
gfcorequick.code.tex
File: pgfcorequick.code.tex 2025-08-29 v3.1.11a (3.1.11a)
)
(C:\Users\Stock Star\AppData\Local\Programs\MiKTeX\tex/generic/pgf/basiclayer\p
gfcoreobjects.code.tex
File: pgfcoreobjects.code.tex 2025-08-29 v3.1.11a (3.1.11a)
)
(C:\Users\Stock Star\AppData\Local\Programs\MiKTeX\tex/generic/pgf/basiclayer\p
gfcorepathprocessing.code.tex
File: pgfcorepathprocessing.code.tex 2025-08-29 v3.1.11a (3.1.11a)
)
(C:\Users\Stock Star\AppData\Local\Programs\MiKTeX\tex/generic/pgf/basiclayer\p
gfcorearrows.code.tex
File: pgfcorearrows.code.tex 2025-08-29 v3.1.11a (3.1.11a)
\pgfarrowsep=\dimen273
)
(C:\Users\Stock Star\AppData\Local\Programs\MiKTeX\tex/generic/pgf/basiclayer\p
gfcoreshade.code.tex
File: pgfcoreshade.code.tex 2025-08-29 v3.1.11a (3.1.11a)
\pgf@max=\dimen274
\pgf@sys@shading@range@num=\count336
\pgf@shadingcount=\count337
)
(C:\Users\Stock Star\AppData\Local\Programs\MiKTeX\tex/generic/pgf/basiclayer\p
gfcoreimage.code.tex
File: pgfcoreimage.code.tex 2025-08-29 v3.1.11a (3.1.11a)
)
(C:\Users\Stock Star\AppData\Local\Programs\MiKTeX\tex/generic/pgf/basiclayer\p
gfcoreexternal.code.tex
File: pgfcoreexternal.code.tex 2025-08-29 v3.1.11a (3.1.11a)
\pgfexternal@startupbox=\box67
)
(C:\Users\Stock Star\AppData\Local\Programs\MiKTeX\tex/generic/pgf/basiclayer\p
gfcorelayers.code.tex
File: pgfcorelayers.code.tex 2025-08-29 v3.1.11a (3.1.11a)
)
(C:\Users\Stock Star\AppData\Local\Programs\MiKTeX\tex/generic/pgf/basiclayer\p
gfcoretransparency.code.tex
File: pgfcoretransparency.code.tex 2025-08-29 v3.1.11a (3.1.11a)
)
(C:\Users\Stock Star\AppData\Local\Programs\MiKTeX\tex/generic/pgf/basiclayer\p
gfcorepatterns.code.tex
File: pgfcorepatterns.code.tex 2025-08-29 v3.1.11a (3.1.11a)
)
(C:\Users\Stock Star\AppData\Local\Programs\MiKTeX\tex/generic/pgf/basiclayer\p
gfcorerdf.code.tex
File: pgfcorerdf.code.tex 2025-08-29 v3.1.11a (3.1.11a)
)))
(C:\Users\Stock Star\AppData\Local\Programs\MiKTeX\tex/generic/pgf/modules\pgfm
oduleshapes.code.tex
File: pgfmoduleshapes.code.tex 2025-08-29 v3.1.11a (3.1.11a)
\pgfnodeparttextbox=\box68
)
(C:\Users\Stock Star\AppData\Local\Programs\MiKTeX\tex/generic/pgf/modules\pgfm
oduleplot.code.tex
File: pgfmoduleplot.code.tex 2025-08-29 v3.1.11a (3.1.11a)
)
(C:\Users\Stock Star\AppData\Local\Programs\MiKTeX\tex/latex/pgf/compatibility\
pgfcomp-version-0-65.sty
Package: pgfcomp-version-0-65 2025-08-29 v3.1.11a (3.1.11a)
\pgf@nodesepstart=\dimen275
\pgf@nodesepend=\dimen276
)
(C:\Users\Stock Star\AppData\Local\Programs\MiKTeX\tex/latex/pgf/compatibility\
pgfcomp-version-1-18.sty
Package: pgfcomp-version-1-18 2025-08-29 v3.1.11a (3.1.11a)
))
(C:\Users\Stock Star\AppData\Local\Programs\MiKTeX\tex/latex/pgf/utilities\pgff
or.sty
(C:\Users\Stock Star\AppData\Local\Programs\MiKTeX\tex/latex/pgf/utilities\pgfk
eys.sty
(C:\Users\Stock Star\AppData\Local\Programs\MiKTeX\tex/generic/pgf/utilities\pg
fkeys.code.tex))
(C:\Users\Stock Star\AppData\Local\Programs\MiKTeX\tex/latex/pgf/math\pgfmath.s
ty
(C:\Users\Stock Star\AppData\Local\Programs\MiKTeX\tex/generic/pgf/math\pgfmath
.code.tex))
(C:\Users\Stock Star\AppData\Local\Programs\MiKTeX\tex/generic/pgf/utilities\pg
ffor.code.tex
Package: pgffor 2025-08-29 v3.1.11a (3.1.11a)
\pgffor@iter=\dimen277
\pgffor@skip=\dimen278
\pgffor@stack=\toks49
\pgffor@toks=\toks50
))
(C:\Users\Stock Star\AppData\Local\Programs\MiKTeX\tex/generic/pgf/frontendlaye
r/tikz\tikz.code.tex
Package: tikz 2025-08-29 v3.1.11a (3.1.11a)

(C:\Users\Stock Star\AppData\Local\Programs\MiKTeX\tex/generic/pgf/libraries\pg
flibraryplothandlers.code.tex
File: pgflibraryplothandlers.code.tex 2025-08-29 v3.1.11a (3.1.11a)
\pgf@plot@mark@count=\count338
\pgfplotmarksize=\dimen279
)
\tikz@lastx=\dimen280
\tikz@lasty=\dimen281
\tikz@lastxsaved=\dimen282
\tikz@lastysaved=\dimen283
\tikz@lastmovetox=\dimen284
\tikz@lastmovetoy=\dimen285
\tikzleveldistance=\dimen286
\tikzsiblingdistance=\dimen287
\tikz@figbox=\box69
\tikz@figbox@bg=\box70
\tikz@tempbox=\box71
\tikz@tempbox@bg=\box72
\tikztreelevel=\count339
\tikznumberofchildren=\count340
\tikznumberofcurrentchild=\count341
\tikz@fig@count=\count342

(C:\Users\Stock Star\AppData\Local\Programs\MiKTeX\tex/generic/pgf/modules\pgfm
odulematrix.code.tex
File: pgfmodulematrix.code.tex 2025-08-29 v3.1.11a (3.1.11a)
\pgfmatrixcurrentrow=\count343
\pgfmatrixcurrentcolumn=\count344
\pgf@matrix@numberofcolumns=\count345
)
\tikz@expandcount=\count346

(C:\Users\Stock Star\AppData\Local\Programs\MiKTeX\tex/generic/pgf/frontendlaye
r/tikz/libraries\tikzlibrarytopaths.code.tex
File: tikzlibrarytopaths.code.tex 2025-08-29 v3.1.11a (3.1.11a)
)))
(C:\Users\Stock Star\AppData\Local\Programs\MiKTeX\tex/generic/pgf/libraries\pg
flibraryarrows.meta.code.tex
File: pgflibraryarrows.meta.code.tex 2025-08-29 v3.1.11a (3.1.11a)
\pgfarrowinset=\dimen288
\pgfarrowlength=\dimen289
\pgfarrowwidth=\dimen290
\pgfarrowlinewidth=\dimen291
)
(C:\Users\Stock Star\AppData\Local\Programs\MiKTeX\tex/generic/pgf/frontendlaye
r/tikz/libraries\tikzlibrarypositioning.code.tex
File: tikzlibrarypositioning.code.tex 2025-08-29 v3.1.11a (3.1.11a)
)
(C:\Users\Stock Star\AppData\Local\Programs\MiKTeX\tex/generic/pgf/frontendlaye
r/tikz/libraries\tikzlibraryfit.code.tex
File: tikzlibraryfit.code.tex 2025-08-29 v3.1.11a (3.1.11a)
)
(C:\Users\Stock Star\AppData\Local\Programs\MiKTeX\tex/generic/pgf/frontendlaye
r/tikz/libraries\tikzlibrarycalc.code.tex
File: tikzlibrarycalc.code.tex 2025-08-29 v3.1.11a (3.1.11a)
)
(C:\Users\Stock Star\AppData\Local\Programs\MiKTeX\tex/generic/pgf/frontendlaye
r/tikz/libraries\tikzlibraryshapes.geometric.code.tex
File: tikzlibraryshapes.geometric.code.tex 2025-08-29 v3.1.11a (3.1.11a)

(C:\Users\Stock Star\AppData\Local\Programs\MiKTeX\tex/generic/pgf/libraries/sh
apes\pgflibraryshapes.geometric.code.tex
File: pgflibraryshapes.geometric.code.tex 2025-08-29 v3.1.11a (3.1.11a)
))
(C:\Users\Stock Star\AppData\Local\Programs\MiKTeX\tex/generic/pgf/frontendlaye
r/tikz/libraries\tikzlibraryshapes.misc.code.tex
File: tikzlibraryshapes.misc.code.tex 2025-08-29 v3.1.11a (3.1.11a)

(C:\Users\Stock Star\AppData\Local\Programs\MiKTeX\tex/generic/pgf/libraries/sh
apes\pgflibraryshapes.misc.code.tex
File: pgflibraryshapes.misc.code.tex 2025-08-29 v3.1.11a (3.1.11a)
))
(C:\Users\Stock Star\AppData\Local\Programs\MiKTeX\tex/generic/pgf/frontendlaye
r/tikz/libraries\tikzlibrarybackgrounds.code.tex
File: tikzlibrarybackgrounds.code.tex 2025-08-29 v3.1.11a (3.1.11a)
\pgf@layerbox@background=\box73
\pgf@layerboxsaved@background=\box74
)
(C:\Users\Stock Star\AppData\Local\Programs\MiKTeX\tex/generic/pgf/frontendlaye
r/tikz/libraries\tikzlibrarydecorations.pathmorphing.code.tex
(C:\Users\Stock Star\AppData\Local\Programs\MiKTeX\tex/generic/pgf/frontendlaye
r/tikz/libraries\tikzlibrarydecorations.code.tex
(C:\Users\Stock Star\AppData\Local\Programs\MiKTeX\tex/generic/pgf/modules\pgfm
oduledecorations.code.tex
\pgfdecoratedcompleteddistance=\dimen292
\pgfdecoratedremainingdistance=\dimen293
\pgfdecoratedinputsegmentcompleteddistance=\dimen294
\pgfdecoratedinputsegmentremainingdistance=\dimen295
\pgf@decorate@distancetomove=\dimen296
\pgf@decorate@repeatstate=\count347
\pgfdecorationsegmentamplitude=\dimen297
\pgfdecorationsegmentlength=\dimen298
)
\tikz@lib@dec@box=\box75
)
(C:\Users\Stock Star\AppData\Local\Programs\MiKTeX\tex/generic/pgf/libraries/de
corations\pgflibrarydecorations.pathmorphing.code.tex))
(C:\Users\Stock Star\AppData\Local\Programs\MiKTeX\tex/latex/hyperref\hyperref.
sty
Package: hyperref 2026-04-24 v7.01q Hypertext links for LaTeX

(C:\Users\Stock Star\AppData\Local\Programs\MiKTeX\tex/latex/kvsetkeys\kvsetkey
s.sty
Package: kvsetkeys 2022-10-05 v1.19 Key value parser (HO)
)
(C:\Users\Stock Star\AppData\Local\Programs\MiKTeX\tex/generic/kvdefinekeys\kvd
efinekeys.sty
Package: kvdefinekeys 2019-12-19 v1.6 Define keys (HO)
)
(C:\Users\Stock Star\AppData\Local\Programs\MiKTeX\tex/generic/pdfescape\pdfesc
ape.sty
Package: pdfescape 2019/12/09 v1.15 Implements pdfTeX's escape features (HO)

(C:\Users\Stock Star\AppData\Local\Programs\MiKTeX\tex/generic/ltxcmds\ltxcmds.
sty
Package: ltxcmds 2023-12-04 v1.26 LaTeX kernel commands for general use (HO)
)
(C:\Users\Stock Star\AppData\Local\Programs\MiKTeX\tex/generic/pdftexcmds\pdfte
xcmds.sty
Package: pdftexcmds 2020-06-27 v0.33 Utility functions of pdfTeX for LuaTeX (HO
)

(C:\Users\Stock Star\AppData\Local\Programs\MiKTeX\tex/generic/infwarerr\infwar
err.sty
Package: infwarerr 2019/12/03 v1.5 Providing info/warning/error messages (HO)
)
Package pdftexcmds Info: \pdf@primitive is available.
Package pdftexcmds Info: \pdf@ifprimitive is available.
Package pdftexcmds Info: \pdfdraftmode not found.
))
(C:\Users\Stock Star\AppData\Local\Programs\MiKTeX\tex/latex/hycolor\hycolor.st
y
Package: hycolor 2020-01-27 v1.10 Color options for hyperref/bookmark (HO)
)
(C:\Users\Stock Star\AppData\Local\Programs\MiKTeX\tex/latex/hyperref\nameref.s
ty
Package: nameref 2026-01-29 v2.58 Cross-referencing by name of section

(C:\Users\Stock Star\AppData\Local\Programs\MiKTeX\tex/latex/refcount\refcount.
sty
Package: refcount 2019/12/15 v3.6 Data extraction from label references (HO)
)
(C:\Users\Stock Star\AppData\Local\Programs\MiKTeX\tex/generic/gettitlestring\g
ettitlestring.sty
Package: gettitlestring 2019/12/15 v1.6 Cleanup title references (HO)

(C:\Users\Stock Star\AppData\Local\Programs\MiKTeX\tex/latex/kvoptions\kvoption
s.sty
Package: kvoptions 2022-06-15 v3.15 Key value format for package options (HO)
))
\c@section@level=\count348
)
(C:\Users\Stock Star\AppData\Local\Programs\MiKTeX\tex/generic/stringenc\string
enc.sty
Package: stringenc 2019/11/29 v1.12 Convert strings between diff. encodings (HO
)
)
\@linkdim=\dimen299
\Hy@linkcounter=\count349
\Hy@pagecounter=\count350

(C:\Users\Stock Star\AppData\Local\Programs\MiKTeX\tex/latex/hyperref\pd1enc.de
f
File: pd1enc.def 2026-04-24 v7.01q Hyperref: PDFDocEncoding definition (HO)
)
(C:\Users\Stock Star\AppData\Local\Programs\MiKTeX\tex/generic/intcalc\intcalc.
sty
Package: intcalc 2019/12/15 v1.3 Expandable calculations with integers (HO)
)
\Hy@SavedSpaceFactor=\count351

(C:\Users\Stock Star\AppData\Local\Programs\MiKTeX\tex/latex/hyperref\puenc.def
File: puenc.def 2026-04-24 v7.01q Hyperref: PDF Unicode definition (HO)
)
Package hyperref Info: Option `linktocpage' set `true' on input line 4070.
Package hyperref Info: Option `colorlinks' set `true' on input line 4070.
Package hyperref Info: Hyper figures OFF on input line 4199.
Package hyperref Info: Link nesting OFF on input line 4204.
Package hyperref Info: Hyper index ON on input line 4207.
Package hyperref Info: Plain pages OFF on input line 4214.
Package hyperref Info: Backreferencing OFF on input line 4219.
Package hyperref Info: Implicit mode ON; LaTeX internals redefined.
Package hyperref Info: Bookmarks ON on input line 4466.
\c@Hy@tempcnt=\count352
 (C:\Users\Stock Star\AppData\Local\Programs\MiKTeX\tex/latex/url\url.sty
\Urlmuskip=\muskip18
Package: url 2013/09/16  ver 3.4  Verb mode for urls, etc.
)
LaTeX Info: Redefining \url on input line 4805.
\XeTeXLinkMargin=\dimen300

(C:\Users\Stock Star\AppData\Local\Programs\MiKTeX\tex/generic/bitset\bitset.st
y
Package: bitset 2019/12/09 v1.3 Handle bit-vector datatype (HO)

(C:\Users\Stock Star\AppData\Local\Programs\MiKTeX\tex/generic/bigintcalc\bigin
tcalc.sty
Package: bigintcalc 2019/12/15 v1.5 Expandable calculations on big integers (HO
)
))
\Fld@menulength=\count353
\Field@Width=\dimen301
\Fld@charsize=\dimen302
Package hyperref Info: Hyper figures OFF on input line 6091.
Package hyperref Info: Link nesting OFF on input line 6096.
Package hyperref Info: Hyper index ON on input line 6099.
Package hyperref Info: backreferencing OFF on input line 6106.
Package hyperref Info: Link coloring ON on input line 6109.
Package hyperref Info: Link coloring with OCG OFF on input line 6116.
Package hyperref Info: PDF/A mode OFF on input line 6121.
\Hy@abspage=\count354
\c@Item=\count355
\c@Hfootnote=\count356
)
Package hyperref Info: Driver (autodetected): hxetex.

(C:\Users\Stock Star\AppData\Local\Programs\MiKTeX\tex/latex/hyperref\hxetex.de
f
File: hxetex.def 2026-04-24 v7.01q Hyperref driver for XeTeX
\pdfm@box=\box76
\c@Hy@AnnotLevel=\count357
\HyField@AnnotCount=\count358
\Fld@listcount=\count359
\c@bookmark@seq@number=\count360

(C:\Users\Stock Star\AppData\Local\Programs\MiKTeX\tex/latex/rerunfilecheck\rer
unfilecheck.sty
Package: rerunfilecheck 2025-06-21 v1.11 Rerun checks for auxiliary files (HO)

(C:\Users\Stock Star\AppData\Local\Programs\MiKTeX\tex/generic/uniquecounter\un
iquecounter.sty
Package: uniquecounter 2019/12/15 v1.4 Provide unlimited unique counter (HO)
)
Package uniquecounter Info: New unique counter `rerunfilecheck' on input line 2
84.
)
\Hy@SectionHShift=\skip65
)
(C:\Users\Stock Star\AppData\Local\Programs\MiKTeX\tex/latex/fancyhdr\fancyhdr.
sty
Package: fancyhdr 2025/02/07 v5.2 Extensive control of page headers and footers

\f@nch@headwidth=\skip66
\f@nch@offset@elh=\skip67
\f@nch@offset@erh=\skip68
\f@nch@offset@olh=\skip69
\f@nch@offset@orh=\skip70
\f@nch@offset@elf=\skip71
\f@nch@offset@erf=\skip72
\f@nch@offset@olf=\skip73
\f@nch@offset@orf=\skip74
\f@nch@height=\skip75
\f@nch@footalignment=\skip76
\f@nch@widthL=\skip77
\f@nch@widthC=\skip78
\f@nch@widthR=\skip79
\@temptokenb=\toks51
)
(C:\Users\Stock Star\AppData\Local\Programs\MiKTeX\tex/latex/tocbibind\tocbibin
d.sty
Package: tocbibind 2026/06/01 v1.5l extra ToC listings
Package tocbibind Info: The document has chapter divisions on input line 50.


Package tocbibind Note: Using chapter style headings, unless overridden.

) (C:\Users\Stock Star\AppData\Local\Programs\MiKTeX\tex/latex/base\makeidx.sty
Package: makeidx 2021/10/04 v1.0m Standard LaTeX package
)
\@indexfile=\write4
\openout4 = `TMU_thesis.idx'.


Writing index file TMU_thesis.idx

(C:\Users\Stock Star\AppData\Local\Programs\MiKTeX\tex/latex/xepersian\xepersia
n.sty
Package: xepersian 2026/01/01 v26.01.01 (Release Iran) Persian typesetting in X
eLaTeX

****************************************************
* 
* xepersian package (Persian for LaTeX format in XeTeX and LuaTeX engines)
* 
* Description: A convenient interface for typesetting Persian and
English documents with LaTeX format in XeTeX and LuaTeX engines.
* 
* Copyright (c) 2008--2026 Vafa Khalighi
* Copyright (c) 2018--2020 bidi-tex GitHub Organization
* 
* v26.01.01 (Release Iran), 2026/01/01
* 
* License: LaTeX Project Public License, version
* 1.3c or higher (your choice)
* 
* Location on CTAN: /macros/unicodetex/latex/xepersian
* 
* Issue tracker: https://github.com/xepersian/xepersian/issues
* 
* Primary author of xepersian package: Vafa Khalighi.
* 
****************************************************

(C:\Users\Stock Star\AppData\Local\Programs\MiKTeX\tex/latex/fontspec\fontspec.
sty
Package: fontspec 2025/09/29 v2.9g Font selection for XeLaTeX and LuaLaTeX

(C:\Users\Stock Star\AppData\Local\Programs\MiKTeX\tex/latex/fontspec\fontspec-
xetex.sty
Package: fontspec-xetex 2025/09/29 v2.9g Font selection for XeLaTeX and LuaLaTe
X
\l__fontspec_script_int=\count361
\l__fontspec_language_int=\count362
\l__fontspec_strnum_int=\count363
\l__fontspec_tmp_int=\count364
\l__fontspec_tmpa_int=\count365
\l__fontspec_tmpb_int=\count366
\l__fontspec_tmpc_int=\count367
\l__fontspec_em_int=\count368
\l__fontspec_emdef_int=\count369
\l__fontspec_strong_int=\count370
\l__fontspec_strongdef_int=\count371
\l__fontspec_tmpa_dim=\dimen303
\l__fontspec_tmpb_dim=\dimen304
\l__fontspec_tmpc_dim=\dimen305

(C:\Users\Stock Star\AppData\Local\Programs\MiKTeX\tex/latex/base\fontenc.sty
Package: fontenc 2025/07/18 v2.1d Standard LaTeX package
)
(C:\Users\Stock Star\AppData\Local\Programs\MiKTeX\tex/latex/fontspec\fontspec.
cfg)))
(C:\Users\Stock Star\AppData\Local\Programs\MiKTeX\tex/latex/xepersian\unicode-
persiancal.sty
Package: unicode-persiancal 2025/01/01 v0.3 Unicode Persian calendar
\XePersian@i=\count372
\XePersian@y=\count373
\XePersian@m=\count374
\XePersian@d=\count375
\XePersian@latini=\count376
\XePersian@persiani=\count377
\XePersian@latinii=\count378
\XePersian@persianii=\count379
\XePersian@latiniii=\count380
\XePersian@persianiii=\count381
\XePersian@latiniv=\count382
\XePersian@persianiv=\count383
\XePersian@latinv=\count384
\XePersian@persianv=\count385
\XePersian@latinvi=\count386
\XePersian@persianvi=\count387
\XePersian@latinvii=\count388
\XePersian@persianvii=\count389
\XePersian@latinviii=\count390
\XePersian@persianviii=\count391
\XePersian@latinix=\count392
\XePersian@persianix=\count393
\XePersian@latinx=\count394
\XePersian@persianx=\count395
\XePersian@latinxi=\count396
\XePersian@persianxi=\count397
\XePersian@latinxii=\count398
\XePersian@persianxii=\count399
\XePersian@persianxiii=\count400
\XePersian@temp=\count401
\XePersian@temptwo=\count402
\XePersian@tempthree=\count403
\XePersian@yModHundred=\count404
\XePersian@thirtytwo=\count405
\XePersian@dn=\count406
\XePersian@sn=\count407
\XePersian@mminusone=\count408
)
(C:\Users\Stock Star\AppData\Local\Programs\MiKTeX\tex/latex/xepersian\unicode-
persianmath.sty
Package: unicode-persianmath 2026/01/01 v1.2.6 Unicode Persian math
)
(C:\Users\Stock Star\AppData\Local\Programs\MiKTeX\tex/latex/bidi\bidi.sty
Package: bidi 2026/01/08 v26.01.08 (Release Iran) Bidirectional typesetting in 
plain TeX and LaTeX

****************************************************
* 
* bidi package (Bidirectional typesetting with
* plain TeX and LaTeX formats in XeTeX and LuaTeX engines)
* 
* Description: A convenient interface for
* typesetting bidirectional texts in plain TeX
* and LaTeX. The package includes adaptations
* for use with many other commonly-used packages.
* 
* Copyright (c) 2007--2026 Vafa Khalighi
* Copyright (c) 2018--2020 bidi-tex GitHub organization
* 
* v26.01.08 (Release Iran), 2026/01/08
* 
* License: LaTeX Project Public License, version
* 1.3c or higher (your choice)
* 
* Location on CTAN: /macros/unicodetex/generic/bidi
* 
* Issue tracker: https://github.com/xepersian/bidi/issues
* 
* Primary author of bidi package: Vafa Khalighi.
* 
****************************************************

(C:\Users\Stock Star\AppData\Local\Programs\MiKTeX\tex/latex/bidi\biditools.sty
Package: biditools 2025/12/19 v2.9 Programming tools for bidi package
\@bidi@envbody=\toks52
\@bidi@emptytoks=\toks53
\bidi@poscount=\count409
\bidi@tempcountb=\count410
\bidi@temptoksa=\toks54
\bidi@temptoksb=\toks55
\bidi@dummies=\count411
\bidi@are@these@correct=\toks56
\bidi@toks@lista=\toks57
\bidi@toks@listb=\toks58
\bidi@stack@length=\count412
\bidi@empty@stack=\toks59
\bidi@looprepeat@depth=\count413
)
(C:\Users\Stock Star\AppData\Local\Programs\MiKTeX\tex/latex/zref\zref-abspage.
sty
Package: zref-abspage 2026-03-07 v2.37 Module abspage for zref (HO)

(C:\Users\Stock Star\AppData\Local\Programs\MiKTeX\tex/latex/zref\zref-base.sty
Package: zref-base 2026-03-07 v2.37 Module base for zref (HO)

(C:\Users\Stock Star\AppData\Local\Programs\MiKTeX\tex/generic/etexcmds\etexcmd
s.sty
Package: etexcmds 2019/12/15 v1.7 Avoid name clashes with e-TeX commands (HO)
)
(C:\Users\Stock Star\AppData\Local\Programs\MiKTeX\tex/latex/auxhook\auxhook.st
y
Package: auxhook 2019-12-17 v1.6 Hooks for auxiliary files (HO)
)
Package zref Info: New property list: main on input line 767.
Package zref Info: New property: default on input line 768.
Package zref Info: New property: page on input line 769.
)
\c@abspage=\count414
Package zref Info: New property: abspage on input line 67.
)
\@bidi@copyins@=\insert252
\bidi@typesethour=\count415
\bidi@typesetminute=\count416

(C:\Users\Stock Star\AppData\Local\Programs\MiKTeX\tex/latex/bidi\latex-xetex-b
idi.def
File: latex-xetex-bidi.def 2025/12/19 v1.5.6 bidi adaptations for `latex.ltx' f
or XeTeX engine
\bidi@n@everypar=\toks60
LaTeX Info: Redefining \centerline on input line 317.
LaTeX Info: Redefining \leftline on input line 326.
LaTeX Info: Redefining \rightline on input line 327.
LaTeX Info: Redefining \underline on input line 335.
\bidi@column@check@number=\count417

(C:\Users\Stock Star\AppData\Local\Programs\MiKTeX\tex/latex/bidi\footnote-xete
x-bidi.def
File: footnote-xetex-bidi.def 2025/09/30 v1.6 bidi footnote macros for XeTeX en
gine
\c@footdir@label=\count418
\footdir@toks=\toks61
)
(C:\Users\Stock Star\AppData\Local\Programs\MiKTeX\tex/latex/bidi\book-xetex-bi
di.def
File: book-xetex-bidi.def 2025/12/19 v1.6 bidi adaptations for standard book cl
ass for XeTeX engine
)
(C:\Users\Stock Star\AppData\Local\Programs\MiKTeX\tex/latex/bidi\amsmath-xetex
-bidi.def
File: amsmath-xetex-bidi.def 2020/05/16 v1.2 bidi adaptations for amsmath packa
ge for XeTeX engine
)
(C:\Users\Stock Star\AppData\Local\Programs\MiKTeX\tex/latex/bidi\amstext-xetex
-bidi.def
File: amstext-xetex-bidi.def 2016/09/12 v0.2 bidi adaptations for amstext packa
ge for XeTeX engine
)
(C:\Users\Stock Star\AppData\Local\Programs\MiKTeX\tex/latex/bidi\amsthm-xetex-
bidi.def
File: amsthm-xetex-bidi.def 2010/07/25 v0.1 bidi adaptations for amsthm package
 for XeTeX engine
)
(C:\Users\Stock Star\AppData\Local\Programs\MiKTeX\tex/latex/bidi\color-xetex-b
idi.def
File: color-xetex-bidi.def 2013/04/08 v0.2 bidi adaptations for color package f
or XeTeX engine
LaTeX Info: Redefining \color on input line 50.
)
(C:\Users\Stock Star\AppData\Local\Programs\MiKTeX\tex/latex/bidi\eso-pic-xetex
-bidi.def
File: eso-pic-xetex-bidi.def 2022/02/18 v0.4 bidi adaptations for eso-pic packa
ge for XeTeX engine
)
(C:\Users\Stock Star\AppData\Local\Programs\MiKTeX\tex/latex/bidi\fancyhdr-xete
x-bidi.def
File: fancyhdr-xetex-bidi.def 2025/09/03 v1.0 bidi adaptations for fancyhdr pac
kage for XeTeX engine
)
(C:\Users\Stock Star\AppData\Local\Programs\MiKTeX\tex/latex/bidi\float-xetex-b
idi.def
File: float-xetex-bidi.def 2013/04/04 v0.2 bidi adaptations for float package f
or XeTeX engine
)
(C:\Users\Stock Star\AppData\Local\Programs\MiKTeX\tex/latex/bidi\geometry-xete
x-bidi.def
File: geometry-xetex-bidi.def 2017/01/14 v0.2 bidi adaptations for geometry pac
kage for XeTeX engine
)
(C:\Users\Stock Star\AppData\Local\Programs\MiKTeX\tex/latex/bidi\graphicx-xete
x-bidi.def
File: graphicx-xetex-bidi.def 2017/06/17 v0.5 bidi adaptations for graphicx pac
kage for XeTeX engine
)
(C:\Users\Stock Star\AppData\Local\Programs\MiKTeX\tex/latex/bidi\hyperref-xete
x-bidi.def
File: hyperref-xetex-bidi.def 2025/12/06 v1.5 bidi adaptations for hyperref pac
kage for XeTeX engine
)
(C:\Users\Stock Star\AppData\Local\Programs\MiKTeX\tex/latex/bidi\listings-xete
x-bidi.def
File: listings-xetex-bidi.def 2025/01/03 v1.6 bidi adaptations for listings pac
kage for XeTeX engine
)
(C:\Users\Stock Star\AppData\Local\Programs\MiKTeX\tex/latex/bidi\lscape-xetex-
bidi.def
File: lscape-xetex-bidi.def 2025/01/03 v0.3 bidi adaptations for lscape package
 for XeTeX engine
)
(C:\Users\Stock Star\AppData\Local\Programs\MiKTeX\tex/latex/bidi\pgfsys-xetex-
bidi.def
File: pgfsys-xetex-bidi.def 2025/01/05 v0.1 bidi adaptations for pgfsys package
 for XeTeX engine
)
(C:\Users\Stock Star\AppData\Local\Programs\MiKTeX\tex/latex/bidi\rotating-xete
x-bidi.def
File: rotating-xetex-bidi.def 2013/05/22 v0.2 bidi adaptations for rotating pac
kage for XeTeX engine
)
(C:\Users\Stock Star\AppData\Local\Programs\MiKTeX\tex/latex/bidi\tocbibind-xet
ex-bidi.def
File: tocbibind-xetex-bidi.def 2025/01/03 v0.5 bidi adaptations for tocbibind p
ackage for XeTeX engine
)
(C:\Users\Stock Star\AppData\Local\Programs\MiKTeX\tex/latex/bidi\xcolor-xetex-
bidi.def
File: xcolor-xetex-bidi.def 2022/06/13 v0.3 bidi adaptations for xcolor package
 for XeTeX engine
LaTeX Info: Redefining \color on input line 49.
LaTeX Info: Redefining \bidicolor on input line 92.
)
(C:\Users\Stock Star\AppData\Local\Programs\MiKTeX\tex/latex/bidi\pgfcorescopes
.code-xetex-bidi.def
File: pgfcorescopes.code-xetex-bidi.def 2015/11/14 v0.1 bidi adaptations for pg
f package for XeTeX engine
))
\bidi@digits=\count419
\bidi@digits@charclass=\XeTeXcharclass1
\bidi@sepmark@charclass=\XeTeXcharclass2
)
\xepersian@tcl=\count420
\xepersian@ilg=\dimen306
\xepersian@strutilg=\dimen307

(C:\Users\Stock Star\AppData\Local\Programs\MiKTeX\tex/latex/xepersian\footnote
-xetex-bidi-xetex-xepersian.def
File: footnote-xetex-bidi-xetex-xepersian.def 2017/08/09 v0.6 xepersian adaptat
ions for footnotes for XeTeX engine
)
(C:\Users\Stock Star\AppData\Local\Programs\MiKTeX\tex/latex/xepersian\book-xet
ex-xepersian.def
File: book-xetex-xepersian.def 2010/07/25 v0.2 xepersian adaptations for book c
lass for XeTeX engine
)
(C:\Users\Stock Star\AppData\Local\Programs\MiKTeX\tex/latex/xepersian\algorith
m-xetex-xepersian.def
File: algorithm-xetex-xepersian.def 2010/07/25 v0.2 xepersian adaptations for a
lgorithm package for XeTeX engine
)
(C:\Users\Stock Star\AppData\Local\Programs\MiKTeX\tex/latex/xepersian\hyperref
-xetex-xepersian.def
File: hyperref-xetex-xepersian.def 2022/10/30 v0.8 xepersian adaptations for hy
perref package for XeTeX engine
)
(C:\Users\Stock Star\AppData\Local\Programs\MiKTeX\tex/latex/xepersian\listings
-xetex-xepersian.def
File: listings-xetex-xepersian.def 2014/07/17 v0.3 xepersian adaptations for li
stings package for XeTeX engine
)
(C:\Users\Stock Star\AppData\Local\Programs\MiKTeX\tex/latex/xepersian\url-xete
x-xepersian.def
File: url-xetex-xepersian.def 2025/09/03 v0.2 xepersian adaptations for url pac
kage for XeTeX engine
)
\xepersian@toks=\toks62
)

Package fontspec Info: 
(fontspec)             Font family 'lmroman10-regular(0)' created for font
(fontspec)             'lmroman10-regular' with options
(fontspec)             [Ligatures=TeX,Path,BoldFont={lmroman10-bold},BoldItalic
Font={lmroman10-bolditalic},ItalicFont={lmroman10-italic},SmallCapsFont={lmroma
ncaps10-regular},SlantedFont={lmromanslant10-regular},BoldSlantedFont={lmromans
lant10-bold}].
(fontspec)              
(fontspec)              This font family consists of the following NFSS
(fontspec)             series/shapes:
(fontspec)              
(fontspec)             - 'normal' (m/n) with NFSS spec.:
(fontspec)             <->"[lmroman10-regular]/OT:script=latn;language=dflt;map
ping=tex-text;"
(fontspec)             - 'small caps'  (m/sc) with NFSS spec.:
(fontspec)             <->"[lmromancaps10-regular]/OT:script=latn;language=dflt
;mapping=tex-text;"
(fontspec)             - 'bold' (b/n) with NFSS spec.:
(fontspec)             <->"[lmroman10-bold]/OT:script=latn;language=dflt;mappin
g=tex-text;"
(fontspec)             - 'bold small caps'  (b/sc) with NFSS spec.:
(fontspec)             <->"[lmromancaps10-regular]/OT:script=latn;language=dflt
;mapping=tex-text;"
(fontspec)             - 'italic' (m/it) with NFSS spec.:
(fontspec)             <->"[lmroman10-italic]/OT:script=latn;language=dflt;mapp
ing=tex-text;"
(fontspec)             - 'italic small caps'  (m/scit) with NFSS spec.:
(fontspec)             <->"[lmromancaps10-regular]/OT:script=latn;language=dflt
;mapping=tex-text;"
(fontspec)             - 'slanted' (m/sl) with NFSS spec.:
(fontspec)             <->"[lmromanslant10-regular]/OT:script=latn;language=dfl
t;mapping=tex-text;"
(fontspec)             - 'slanted small caps'  (m/scsl) with NFSS spec.:
(fontspec)             <->"[lmromancaps10-regular]/OT:script=latn;language=dflt
;mapping=tex-text;"
(fontspec)             - 'bold italic' (b/it) with NFSS spec.:
(fontspec)             <->"[lmroman10-bolditalic]/OT:script=latn;language=dflt;
mapping=tex-text;"
(fontspec)             - 'bold italic small caps'  (b/scit) with NFSS spec.:
(fontspec)             <->"[lmromancaps10-regular]/OT:script=latn;language=dflt
;mapping=tex-text;"
(fontspec)             - 'bold slanted' (b/sl) with NFSS spec.:
(fontspec)             <->"[lmromanslant10-bold]/OT:script=latn;language=dflt;m
apping=tex-text;"
(fontspec)             - 'bold slanted small caps'  (b/scsl) with NFSS spec.:
(fontspec)             <->"[lmromancaps10-regular]/OT:script=latn;language=dflt
;mapping=tex-text;"


Package fontspec Info: 
(fontspec)             XB Niloofar scale = 1.1.


Package fontspec Info: 
(fontspec)             XB Niloofar scale = 1.1.


Package fontspec Info: 
(fontspec)             XB NiloofarBd scale = 1.1.


Package fontspec Info: 
(fontspec)             XB NiloofarIt scale = 1.1.


Package fontspec Info: 
(fontspec)             XB NiloofarBdIt scale = 1.1.


Package fontspec Info: 
(fontspec)             Font family 'XBNiloofar.ttf(0)' created for font 'XB
(fontspec)             Niloofar.ttf' with options
(fontspec)             [RawFeature={script=arab},Ligatures=PersianTeX,Scale=1.1
,BoldFont={XB
(fontspec)             NiloofarBd.ttf},ItalicFont={XB
(fontspec)             NiloofarIt.ttf},BoldItalicFont={XB NiloofarBdIt.ttf}].
(fontspec)              
(fontspec)              This font family consists of the following NFSS
(fontspec)             series/shapes:
(fontspec)              
(fontspec)             - 'normal' (m/n) with NFSS spec.: <->s*[1.1]"[XB
(fontspec)             Niloofar.ttf]/OT:script=latn;language=dflt;script=arab;m
apping=persian-tex-text;"
(fontspec)             - 'bold' (b/n) with NFSS spec.: <->s*[1.1]"[XB
(fontspec)             NiloofarBd.ttf]/OT:script=latn;language=dflt;script=arab
;mapping=persian-tex-text;"
(fontspec)             - 'italic' (m/it) with NFSS spec.: <->s*[1.1]"[XB
(fontspec)             NiloofarIt.ttf]/OT:script=latn;language=dflt;script=arab
;mapping=persian-tex-text;"
(fontspec)             - 'bold italic' (b/it) with NFSS spec.: <->s*[1.1]"[XB
(fontspec)             NiloofarBdIt.ttf]/OT:script=latn;language=dflt;script=ar
ab;mapping=persian-tex-text;"

LaTeX Font Info:    Font shape `TU/XBNiloofar.ttf(0)/m/n' will be
(Font)              scaled to size 13.20007pt on input line 50.

Package fontspec Info: 
(fontspec)             IranNastaliq scale = 2.02.


Package fontspec Info: 
(fontspec)             IranNastaliq scale = 2.02.


Package fontspec Info: 
(fontspec)             Font family 'IranNastaliq.ttf(0)' created for font
(fontspec)             'IranNastaliq.ttf' with options
(fontspec)             [RawFeature={script=arab},Ligatures=PersianTeX,Scale=2.0
2].
(fontspec)              
(fontspec)              This font family consists of the following NFSS
(fontspec)             series/shapes:
(fontspec)              
(fontspec)             - 'normal' (m/n) with NFSS spec.:
(fontspec)             <->s*[2.02]"[IranNastaliq.ttf]/OT:language=dflt;script=a
rab;mapping=persian-tex-text;"


Package fontspec Info: 
(fontspec)             B Nazanin Outline scale = 2.


Package fontspec Info: 
(fontspec)             B Nazanin Outline scale = 2.


Package fontspec Info: 
(fontspec)             Font family 'BNazaninOutline.ttf(0)' created for font
(fontspec)             'B Nazanin Outline.ttf' with options
(fontspec)             [RawFeature={script=arab},Ligatures=PersianTeX,Scale=2].

(fontspec)              
(fontspec)              This font family consists of the following NFSS
(fontspec)             series/shapes:
(fontspec)              
(fontspec)             - 'normal' (m/n) with NFSS spec.: <->s*[2]"[B Nazanin
(fontspec)             Outline.ttf]/OT:language=dflt;script=arab;mapping=persia
n-tex-text;"


Package fontspec Info: 
(fontspec)             XB Kayhan Pook scale = 2.5.


Package fontspec Info: 
(fontspec)             XB Kayhan Pook scale = 2.5.


Package fontspec Info: 
(fontspec)             Font family 'XBKayhanPook.ttf(0)' created for font 'XB
(fontspec)             Kayhan Pook.ttf' with options
(fontspec)             [RawFeature={script=arab},Ligatures=PersianTeX,Scale=2.5
].
(fontspec)              
(fontspec)              This font family consists of the following NFSS
(fontspec)             series/shapes:
(fontspec)              
(fontspec)             - 'normal' (m/n) with NFSS spec.: <->s*[2.5]"[XB Kayhan
(fontspec)             Pook.ttf]/OT:script=latn;language=dflt;script=arab;mappi
ng=persian-tex-text;"


Package fontspec Info: 
(fontspec)             XB Kayhan Pook scale = 2.


Package fontspec Info: 
(fontspec)             XB Kayhan Pook scale = 2.


Package fontspec Info: 
(fontspec)             Font family 'XBKayhanPook.ttf(1)' created for font 'XB
(fontspec)             Kayhan Pook.ttf' with options
(fontspec)             [RawFeature={script=arab},Ligatures=PersianTeX,Scale=2].

(fontspec)              
(fontspec)              This font family consists of the following NFSS
(fontspec)             series/shapes:
(fontspec)              
(fontspec)             - 'normal' (m/n) with NFSS spec.: <->s*[2]"[XB Kayhan
(fontspec)             Pook.ttf]/OT:script=latn;language=dflt;script=arab;mappi
ng=persian-tex-text;"


Package fontspec Info: 
(fontspec)             XB Titre scale = 1.02.


Package fontspec Info: 
(fontspec)             XB Titre scale = 1.02.


Package fontspec Info: 
(fontspec)             Font family 'XBTitre.ttf(0)' created for font 'XB
(fontspec)             Titre.ttf' with options
(fontspec)             [RawFeature={script=arab},Ligatures=PersianTeX,Scale=1.0
2].
(fontspec)              
(fontspec)              This font family consists of the following NFSS
(fontspec)             series/shapes:
(fontspec)              
(fontspec)             - 'normal' (m/n) with NFSS spec.: <->s*[1.02]"[XB
(fontspec)             Titre.ttf]/OT:script=latn;language=dflt;script=arab;mapp
ing=persian-tex-text;"

\c@definition=\count421


Package amsthm Warning: Unknown theoremstyle `theorem' on input line 86.


Package fancyhdr Warning: \fancyhead's `E' option without twoside option is use
less.
(fancyhdr)                Please consider using the `twoside' option on input l
ine 129.


Package fancyhdr Warning: \fancyhead's `E' option without twoside option is use
less.
(fancyhdr)                Please consider using the `twoside' option on input l
ine 131.

)
(C:\Users\Stock Star\AppData\Local\Programs\MiKTeX\tex/latex/bidi\float-xetex-b
idi.def
File: float-xetex-bidi.def 2013/04/04 v0.2 bidi adaptations for float package f
or XeTeX engine
)

LaTeX Warning: Unused global option(s):
    [oneside,openany,12pt].

(TMU_thesis.aux (chapter0.aux) (chapter1.aux) (chapter2.aux) (chapter3.aux)
(chapter4.aux) (chapter5.aux))
\openout1 = `TMU_thesis.aux'.

LaTeX Font Info:    Checking defaults for OML/cmm/m/it on input line 22.
LaTeX Font Info:    ... okay on input line 22.
LaTeX Font Info:    Checking defaults for OMS/cmsy/m/n on input line 22.
LaTeX Font Info:    ... okay on input line 22.
LaTeX Font Info:    Checking defaults for OT1/cmr/m/n on input line 22.
LaTeX Font Info:    ... okay on input line 22.
LaTeX Font Info:    Checking defaults for T1/cmr/m/n on input line 22.
LaTeX Font Info:    ... okay on input line 22.
LaTeX Font Info:    Checking defaults for TS1/cmr/m/n on input line 22.
LaTeX Font Info:    ... okay on input line 22.
LaTeX Font Info:    Checking defaults for TU/lmr/m/n on input line 22.
LaTeX Font Info:    ... okay on input line 22.
LaTeX Font Info:    Checking defaults for OMX/cmex/m/n on input line 22.
LaTeX Font Info:    ... okay on input line 22.
LaTeX Font Info:    Checking defaults for U/cmr/m/n on input line 22.
LaTeX Font Info:    ... okay on input line 22.
LaTeX Font Info:    Checking defaults for PD1/pdf/m/n on input line 22.
LaTeX Font Info:    ... okay on input line 22.
LaTeX Font Info:    Checking defaults for PU/pdf/m/n on input line 22.
LaTeX Font Info:    ... okay on input line 22.

(C:\Users\Stock Star\AppData\Local\Programs\MiKTeX\tex/latex/pdflscape\pdflscap
e.sty
Package: pdflscape 2022-10-27 v0.13 Display of landscape pages in PDF

(C:\Users\Stock Star\AppData\Local\Programs\MiKTeX\tex/latex/pdflscape\pdflscap
e-nometadata.sty
Package: pdflscape-nometadata 2022-10-28 v0.13 Display of landscape pages in PD
F (HO)
Package pdflscape Info: Auto-detected driver: dvipdfm (xetex) on input line 98.

))
(C:\Users\Stock Star\AppData\Local\Programs\MiKTeX\tex/latex/bidi\pdflscape-xet
ex-bidi.def
File: pdflscape-xetex-bidi.def 2022/02/18 v0.1 bidi adaptations for pdflscape p
ackage for XeTeX engine
)
\c@lstlisting=\count422

*geometry* driver: auto-detecting
*geometry* detected driver: xetex
*geometry* verbose mode - [ preamble ] result:
* driver: xetex
* paper: <default>
* layout: <same size as paper>
* layoutoffset:(h,v)=(0.0pt,0.0pt)
* modes: 
* h-part:(L,W,R)=(71.13188pt, 426.79135pt, 99.58464pt)
* v-part:(T,H,B)=(113.81102pt, 645.87756pt, 85.35826pt)
* \paperwidth=597.50787pt
* \paperheight=845.04684pt
* \textwidth=426.79134pt
* \textheight=645.87756pt
* \oddsidemargin=5.69054pt
* \evensidemargin=-1.1381pt
* \topmargin=9.66724pt
* \headheight=16.0pt
* \headsep=19.8738pt
* \topskip=12.0pt
* \footskip=30.0pt
* \marginparwidth=38.0pt
* \marginparsep=7.0pt
* \columnsep=10.0pt
* \skip\footins=10.8pt plus 4.0pt minus 2.0pt
* \hoffset=0.0pt
* \voffset=0.0pt
* \mag=1000
* \@twocolumnfalse
* \@twosidefalse
* \@mparswitchfalse
* \@reversemarginfalse
* (1in=72.27pt=25.4mm, 1cm=28.453pt)

Package hyperref Info: Link coloring ON on input line 22.
(TMU_thesis.out) (TMU_thesis.out)
\@outlinefile=\write5
\openout5 = `TMU_thesis.out'.

File: thesispage1.pdf Graphic file (type pdf)
<use thesispage1.pdf>
File: thesispage1.pdf Graphic file (type pdf)
<use thesispage1.pdf, page 1>
File: thesispage1.pdf Graphic file (type pdf)
<use thesispage1.pdf, page 1>
File: thesispage1.pdf Graphic file (type pdf)
<use thesispage1.pdf, page 1>
File: thesispage1.pdf Graphic file (type pdf)
<use thesispage1.pdf, page 1>
File: thesispage1.pdf Graphic file (type pdf)
<use thesispage1.pdf, page 1>
 [1


]
File: thesispage2.pdf Graphic file (type pdf)
<use thesispage2.pdf>
File: thesispage2.pdf Graphic file (type pdf)
<use thesispage2.pdf, page 1>
File: thesispage2.pdf Graphic file (type pdf)
<use thesispage2.pdf, page 1>
File: thesispage2.pdf Graphic file (type pdf)
<use thesispage2.pdf, page 1>
File: thesispage2.pdf Graphic file (type pdf)
<use thesispage2.pdf, page 1>
File: thesispage2.pdf Graphic file (type pdf)
<use thesispage2.pdf, page 1>
 [2

]
File: thesispage4.pdf Graphic file (type pdf)
<use thesispage4.pdf>
File: thesispage4.pdf Graphic file (type pdf)
<use thesispage4.pdf, page 1>
File: thesispage4.pdf Graphic file (type pdf)
<use thesispage4.pdf, page 1>
File: thesispage4.pdf Graphic file (type pdf)
<use thesispage4.pdf, page 1>
File: thesispage4.pdf Graphic file (type pdf)
<use thesispage4.pdf, page 1>
File: thesispage4.pdf Graphic file (type pdf)
<use thesispage4.pdf, page 1>
 [3

]
File: thesispage3.pdf Graphic file (type pdf)
<use thesispage3.pdf>
File: thesispage3.pdf Graphic file (type pdf)
<use thesispage3.pdf, page 1>
File: thesispage3.pdf Graphic file (type pdf)
<use thesispage3.pdf, page 1>
File: thesispage3.pdf Graphic file (type pdf)
<use thesispage3.pdf, page 1>
File: thesispage3.pdf Graphic file (type pdf)
<use thesispage3.pdf, page 1>
File: thesispage3.pdf Graphic file (type pdf)
<use thesispage3.pdf, page 1>
 [4

] (fa_title.tex
File: armtmu.eps Graphic file (type eps)
<armtmu.eps>
LaTeX Font Info:    Font shape `TU/XBNiloofar.ttf(0)/m/n' will be
(Font)              scaled to size 19.0081pt on input line 46.
LaTeX Font Info:    Font shape `TU/XBNiloofar.ttf(0)/b/n' will be
(Font)              scaled to size 19.0081pt on input line 46.
LaTeX Font Info:    Font shape `TU/XBNiloofar.ttf(0)/m/n' will be
(Font)              scaled to size 15.84007pt on input line 46.
LaTeX Font Info:    Font shape `TU/XBNiloofar.ttf(0)/b/n' will be
(Font)              scaled to size 15.84007pt on input line 46.
LaTeX Font Info:    Font shape `TU/XBNiloofar.ttf(0)/m/n' will be
(Font)              scaled to size 27.36815pt on input line 46.
LaTeX Font Info:    Font shape `TU/XBNiloofar.ttf(0)/b/n' will be
(Font)              scaled to size 27.36815pt on input line 46.
 [5]
Underfull \hbox (badness 10000) in paragraph at lines 155--157
[][]
 []


Underfull \hbox (badness 10000) in paragraph at lines 155--157
[][]
 []

LaTeX Font Info:    Trying to load font information for U+msa on input line 166
.
(C:\Users\Stock Star\AppData\Local\Programs\MiKTeX\tex/latex/amsfonts\umsa.fd
File: umsa.fd 2013/01/14 v3.01 AMS symbols A
)
LaTeX Font Info:    Trying to load font information for U+msb on input line 166
.

(C:\Users\Stock Star\AppData\Local\Programs\MiKTeX\tex/latex/amsfonts\umsb.fd
File: umsb.fd 2013/01/14 v3.01 AMS symbols B
)
LaTeX Font Info:    Font shape `TU/XBNiloofar.ttf(0)/m/it' will be
(Font)              scaled to size 13.20007pt on input line 172.
LaTeX Font Info:    Font shape `TU/XBNiloofar.ttf(0)/b/it' will be
(Font)              scaled to size 13.20007pt on input line 172.

[6])
File: Tassir.pdf Graphic file (type pdf)
<use Tassir.pdf>
File: Tassir.pdf Graphic file (type pdf)
<use Tassir.pdf, page 1>
File: Tassir.pdf Graphic file (type pdf)
<use Tassir.pdf, page 1>
File: Tassir.pdf Graphic file (type pdf)
<use Tassir.pdf, page 1>
File: Tassir.pdf Graphic file (type pdf)
<use Tassir.pdf, page 1>
File: Tassir.pdf Graphic file (type pdf)
<use Tassir.pdf, page 1>
 [7

] (TMU_thesis.toc
LaTeX Font Info:    Font shape `TU/XBNiloofar.ttf(0)/b/n' will be
(Font)              scaled to size 13.20007pt on input line 1.
 [1

] [2] [3])
\tf@toc=\write6
\openout6 = `TMU_thesis.toc'.

 [4] (TMU_thesis.lot)
\tf@lot=\write7
\openout7 = `TMU_thesis.lot'.

 [5

] (TMU_thesis.lof
[6

])
\tf@lof=\write8
\openout8 = `TMU_thesis.lof'.

 [7]
\openout2 = `chapter0.aux'.

 (chapter0.tex
LaTeX Font Info:    Font shape `TU/XBNiloofar.ttf(0)/m/n' will be
(Font)              scaled to size 8.80005pt on input line 9.
LaTeX Font Info:    Font shape `TU/XBNiloofar.ttf(0)/m/n' will be
(Font)              scaled to size 11.00006pt on input line 9.
 [8




]

Package fancyhdr Warning: \headheight is too small (16.0pt): 
(fancyhdr)                Make it at least 16.06123pt, for example:
(fancyhdr)                \setlength{\headheight}{16.06123pt}.
(fancyhdr)                You might also make \topmargin smaller:
(fancyhdr)                \addtolength{\topmargin}{-0.06123pt}.

[9])

Package fancyhdr Warning: \headheight is too small (16.0pt): 
(fancyhdr)                Make it at least 16.06123pt, for example:
(fancyhdr)                \setlength{\headheight}{16.06123pt}.
(fancyhdr)                You might also make \topmargin smaller:
(fancyhdr)                \addtolength{\topmargin}{-0.06123pt}.

[10]
\openout2 = `chapter1.aux'.

 (chapter1.tex
فصل 1.
LaTeX Font Info:    Font shape `TU/BNazaninOutline.ttf(0)/m/n' will be
(Font)              scaled to size 28.79999pt on input line 1.
[1






]
Overfull \hbox (20.24377pt too wide) in paragraph at lines 13--17
[]\TU/XBNiloofar.ttf(0)/m/n/12 خودکدگذارهای تغییرپذیر ([]\TU/lmroman10-regular(
0)/m/n/12 VAE[]\TU/XBNiloofar.ttf(0)/m/n/12 ) دسته‌ای از مدل‌های مولد احتمالی ه
ستند که بر خلاف خودکدگذارهای[]
 []

[2]
LaTeX Font Info:    Font shape `TU/XBNiloofar.ttf(0)/m/n' will be
(Font)              scaled to size 6.60004pt on input line 19.
 [3]
File: images/placeholder_diffusion.png Graphic file (type bmp)
<images/placeholder_diffusion.png>
 [4] [5] [6]
File: images/rnn.png Graphic file (type bmp)
<images/rnn.png>
File: images/lstm.png Graphic file (type bmp)
<images/lstm.png>
 [7]
File: images/transformers.png Graphic file (type bmp)
<images/transformers.png>
 [8] [9] [10] [11] [12]
File: images/vit.png Graphic file (type bmp)
<images/vit.png>
 [13] [14]
Overfull \vbox (0.34358pt too high) has occurred while \output is active []


[15]
Overfull \hbox (9.09947pt too wide) in paragraph at lines 201--202
[][]\TU/XBNiloofar.ttf(0)/m/n/12 از نظر خصوصیات آماری، نسخه کامل []\TU/lmroman1
0-regular(0)/m/n/12 ImageNet[] \TU/XBNiloofar.ttf(0)/m/n/12 شامل بیش از ۱۴ میلی
ون تصویر برچسب‌خورده[]
 []

[16]
Overfull \hbox (3.16284pt too wide) in paragraph at lines 234--236
[]\TU/XBNiloofar.ttf(0)/m/n/12 در رابطه [][][][][][]۲۲.‏۱۰.‏۱[][][][][][]، عبار
ت اول فاصله میانگین‌های دو توزیع و عبارت دوم تفاوت ساختار کوواریانس[]
 []

[17]) [18] [19]
\openout2 = `chapter2.aux'.

 (chapter2.tex
فصل 2.
[20




] [21] [22] [23] [24]
Underfull \hbox (badness 10000) in paragraph at lines 118--118
[][]\TU/XBNiloofar.ttf(0)/m/n/12 مدل‌های مبتنی بر[]
 []


Underfull \hbox (badness 10000) in paragraph at lines 118--118
[][]\TU/XBNiloofar.ttf(0)/m/n/12 یادگیری گرادیان لگاریتم چگالی[]
 []


Underfull \hbox (badness 10000) in paragraph at lines 118--118
[][][]\TU/lmroman10-regular(0)/m/n/12 DDIM[] \TU/XBNiloofar.ttf(0)/m/n/12 و[]
 []


Underfull \hbox (badness 10000) in paragraph at lines 118--118
[][]\TU/XBNiloofar.ttf(0)/m/n/12 کاهش تعداد گام‌های تولید با[]
 []


Underfull \hbox (badness 10000) in paragraph at lines 118--118
[][]\TU/XBNiloofar.ttf(0)/m/n/12 افزایش وفاداری شرطی در[]
 []


Underfull \hbox (badness 10000) in paragraph at lines 118--118
[][]\TU/XBNiloofar.ttf(0)/m/n/12 ترکیب $\OML/cmm/m/it/12 ^^O[]\OT1/cmr/m/n/12 (
\OML/cmm/m/it/12 x[]; t; c\OT1/cmr/m/n/12 )$ \TU/XBNiloofar.ttf(0)/m/n/12 و[]
 []


Overfull \hbox (9.62968pt too wide) in paragraph at lines 122--123
[]\TU/XBNiloofar.ttf(0)/m/n/12 مسیر، موفقیت مبدل‌ها در پردازش توالی و سپس در بی
نایی ماشین باعث شد پژوهشگران از معماری‌های[]
 []

[25] [26]
File: images/gen_vit.png Graphic file (type bmp)
<images/gen_vit.png>
 [27]
File: images/u_vit.png Graphic file (type bmp)
<images/u_vit.png>
 [28] [29]
Overfull \hbox (2.09013pt too wide) in paragraph at lines 155--156
[]\TU/XBNiloofar.ttf(0)/m/n/12 کلاس از نرمال‌سازی لایه تطبیقی با مقداردهی صفر (
[]\TU/lmroman10-regular(0)/m/n/12 adaLN-Zero[][][][][][][][][][][][][]\TU/XBNil
oofar.ttf(0)/m/n/12 ) بهره می‌برد. در این سازوکار،[]
 []

File: images/base_dit.png Graphic file (type bmp)
<images/base_dit.png>
[30]
File: images/diffit.png Graphic file (type bmp)
<images/diffit.png>
 [31]
File: images/lavin_dit.png Graphic file (type bmp)
<images/lavin_dit.png>

Overfull \hbox (0.8669pt too wide) in paragraph at lines 200--201
[]\TU/XBNiloofar.ttf(0)/m/n/12 یکی از محورهای اصلی در پیشینه مدل‌های انتشار مبت
نی بر مبدل، مسئله مقیاس‌پذیری است. مدل‌های[]
 []

[32]
File: images/q_dit.png Graphic file (type bmp)
<images/q_dit.png>
 [33] [34]
File: images/dit_3d.png Graphic file (type bmp)
<images/dit_3d.png>
 [35] [36]
File: images/hrnet_multiresolution_fusion.pdf Graphic file (type pdf)
<use images/hrnet_multiresolution_fusion.pdf>
 [37]
File: images/crossvit_architecture.pdf Graphic file (type pdf)
<use images/crossvit_architecture.pdf>
 [38] [39]
File: images/crossvit_fusion_strategies.pdf Graphic file (type pdf)
<use images/crossvit_fusion_strategies.pdf>

Underfull \hbox (badness 10000) in paragraph at lines 279--279
[][]\TU/XBNiloofar.ttf(0)/m/n/12 جزئیات مکانی، لبه‌ها و[]
 []


Underfull \hbox (badness 10000) in paragraph at lines 279--279
[]\TU/XBNiloofar.ttf(0)/m/n/12 ریزدانه مبتنی بر پچ‌های[]
 []


Underfull \hbox (badness 10000) in paragraph at lines 279--279
[][]\TU/XBNiloofar.ttf(0)/m/n/12 اطلاعات سطح پایین و[]
 []


Underfull \hbox (badness 2310) in paragraph at lines 279--279
[]\TU/XBNiloofar.ttf(0)/m/n/12 چندمرحله‌ای در مسیر حذف[]
 []

[40] [41]
File: images/crossvit_cross_attention_module.pdf Graphic file (type pdf)
<use images/crossvit_cross_attention_module.pdf>
 [42] [43] [44]) [45]
\openout2 = `chapter3.aux'.

 (chapter3.tex
فصل 3.
[46




]
File: images/duodit-arch-overview.drawio.png Graphic file (type bmp)
<images/duodit-arch-overview.drawio.png>
 [47] [48]
File: images/linear_projection_aggregation.png Graphic file (type bmp)
<images/linear_projection_aggregation.png>
 [49] [50]
File: images/pooling_operations.png Graphic file (type bmp)
<images/pooling_operations.png>
 [51] [52]
File: images/local_cls_mechanism.png Graphic file (type bmp)
<images/local_cls_mechanism.png>
 [53] [54] [55]
File: images/film_modulation.png Graphic file (type bmp)
<images/film_modulation.png>
 [56] [57] [58]
Overfull \hbox (3.64835pt too wide) in paragraph at lines 155--156
[]\TU/XBNiloofar.ttf(0)/m/n/12 برای مقداردهی اولیه بلوک مبدل شاخه []\TU/lmroman
10-regular(0)/m/n/12 x2[]\TU/XBNiloofar.ttf(0)/m/n/12 ، از وزن‌های پیش‌آموزش‌دی
ده مدل []\TU/lmroman10-regular(0)/m/n/12 ViT-Large[] \TU/XBNiloofar.ttf(0)/m/n/
12 آموزش‌دیده[]
 []

[59]
Package hyperref Info: bookmark level for unknown algorithm defaults to 0 on in
put line 171.
 [60] [61]) [62] [63]
\openout2 = `chapter4.aux'.

 (chapter4.tex
فصل 4.
[64




]

Package fancyhdr Warning: \headheight is too small (16.0pt): 
(fancyhdr)                Make it at least 17.35086pt, for example:
(fancyhdr)                \setlength{\headheight}{17.35086pt}.
(fancyhdr)                You might also make \topmargin smaller:
(fancyhdr)                \addtolength{\topmargin}{-1.35086pt}.

[65]

Package fancyhdr Warning: \headheight is too small (16.0pt): 
(fancyhdr)                Make it at least 17.35086pt, for example:
(fancyhdr)                \setlength{\headheight}{17.35086pt}.
(fancyhdr)                You might also make \topmargin smaller:
(fancyhdr)                \addtolength{\topmargin}{-1.35086pt}.

[66]
File: images/028102-class0102.png Graphic file (type bmp)
<images/028102-class0102.png>
File: images/009986-class0986.png Graphic file (type bmp)
<images/009986-class0986.png>
File: images/028072-class0072.png Graphic file (type bmp)
<images/028072-class0072.png>
File: images/023090-class0090.png Graphic file (type bmp)
<images/023090-class0090.png>
File: images/044100-class0100.png Graphic file (type bmp)
<images/044100-class0100.png>
File: images/037095-class0095.png Graphic file (type bmp)
<images/037095-class0095.png>
File: images/007321-class0321.png Graphic file (type bmp)
<images/007321-class0321.png>
File: images/043288-class0288.png Graphic file (type bmp)
<images/043288-class0288.png>
File: images/013008-class0008.png Graphic file (type bmp)
<images/013008-class0008.png>
File: images/021097-class0097.png Graphic file (type bmp)
<images/021097-class0097.png>
File: images/015139-class0139.png Graphic file (type bmp)
<images/015139-class0139.png>
File: images/024025-class0025.png Graphic file (type bmp)
<images/024025-class0025.png>
File: images/047019-class0019.png Graphic file (type bmp)
<images/047019-class0019.png>
File: images/005135-class0135.png Graphic file (type bmp)
<images/005135-class0135.png>
File: images/023326-class0326.png Graphic file (type bmp)
<images/023326-class0326.png>
File: images/039320-class0320.png Graphic file (type bmp)
<images/039320-class0320.png>
File: images/030874-class0874.png Graphic file (type bmp)
<images/030874-class0874.png>
File: images/000324-class0324.png Graphic file (type bmp)
<images/000324-class0324.png>
File: images/026340-class0340.png Graphic file (type bmp)
<images/026340-class0340.png>
File: images/010024-class0024.png Graphic file (type bmp)
<images/010024-class0024.png>

Underfull \hbox (badness 1721) in paragraph at lines 206--206
[][][]\TU/XBNiloofar.ttf(0)/m/n/12 شکل ۴.‏۱: []نمونه‌های تصویری تولیدشده توسط [
]\TU/lmroman10-regular(0)/m/n/12 DuoDiT-200[] \TU/XBNiloofar.ttf(0)/m/n/12 روی 
کلاس‌های مختلف[][]
 []


Package fancyhdr Warning: \headheight is too small (16.0pt): 
(fancyhdr)                Make it at least 17.35086pt, for example:
(fancyhdr)                \setlength{\headheight}{17.35086pt}.
(fancyhdr)                You might also make \topmargin smaller:
(fancyhdr)                \addtolength{\topmargin}{-1.35086pt}.

[67]
Overfull \vbox (124.56718pt too high) has occurred while \output is active []



Package fancyhdr Warning: \headheight is too small (16.0pt): 
(fancyhdr)                Make it at least 17.35086pt, for example:
(fancyhdr)                \setlength{\headheight}{17.35086pt}.
(fancyhdr)                You might also make \topmargin smaller:
(fancyhdr)                \addtolength{\topmargin}{-1.35086pt}.

[68]
Overfull \hbox (5.35104pt too wide) in paragraph at lines 235--236
[][]\TU/XBNiloofar.ttf(0)/m/n/12 نتایج جدول [][][][][][]۴.‏۴[][][][][][] نشان م
ی‌دهد با وجود برتری []\TU/lmroman10-regular(0)/m/n/12 LightningDiT[] \TU/XBNilo
ofar.ttf(0)/m/n/12 در []\TU/lmroman10-regular(0)/m/n/12 FID[] \TU/XBNiloofar.tt
f(0)/m/n/12 کلی، نمونه‌های []\TU/lmroman10-regular(0)/m/n/12 DuoDiT[][]
 []


Package fancyhdr Warning: \headheight is too small (16.0pt): 
(fancyhdr)                Make it at least 17.35086pt, for example:
(fancyhdr)                \setlength{\headheight}{17.35086pt}.
(fancyhdr)                You might also make \topmargin smaller:
(fancyhdr)                \addtolength{\topmargin}{-1.35086pt}.

[69]

Package fancyhdr Warning: \headheight is too small (16.0pt): 
(fancyhdr)                Make it at least 17.35086pt, for example:
(fancyhdr)                \setlength{\headheight}{17.35086pt}.
(fancyhdr)                You might also make \topmargin smaller:
(fancyhdr)                \addtolength{\topmargin}{-1.35086pt}.

[70]

Package fancyhdr Warning: \headheight is too small (16.0pt): 
(fancyhdr)                Make it at least 17.35086pt, for example:
(fancyhdr)                \setlength{\headheight}{17.35086pt}.
(fancyhdr)                You might also make \topmargin smaller:
(fancyhdr)                \addtolength{\topmargin}{-1.35086pt}.

[71])
Overfull \hbox (19.35796pt too wide) in paragraph at lines 333--49
[]\TU/XBNiloofar.ttf(0)/m/n/12 توزیعی پایدار و کیفیت ادراکی ظاهر می‌شود. از سوی
 دیگر، مقدار []\TU/lmroman10-regular(0)/m/n/12 FID[] \TU/XBNiloofar.ttf(0)/m/n/
12 مدل همچنان از []\TU/lmroman10-regular(0)/m/n/12 LightningDiT[][]
 []


Package fancyhdr Warning: \headheight is too small (16.0pt): 
(fancyhdr)                Make it at least 17.35086pt, for example:
(fancyhdr)                \setlength{\headheight}{17.35086pt}.
(fancyhdr)                You might also make \topmargin smaller:
(fancyhdr)                \addtolength{\topmargin}{-1.35086pt}.

[72]

Package fancyhdr Warning: \headheight is too small (16.0pt): 
(fancyhdr)                Make it at least 17.35086pt, for example:
(fancyhdr)                \setlength{\headheight}{17.35086pt}.
(fancyhdr)                You might also make \topmargin smaller:
(fancyhdr)                \addtolength{\topmargin}{-1.35086pt}.

[73]
\openout2 = `chapter5.aux'.

 (chapter5.tex
فصل 5.
[74




]
Overfull \hbox (1.19391pt too wide) in paragraph at lines 22--23
[][]\TU/XBNiloofar.ttf(0)/b/n/12 جایگزینی بدنه اصلی/خبره\TU/XBNiloofar.ttf(0)/m
/n/12 : جایگزینی اجزای اصلی مدل، مانند بدنه اصلی یا خبره، با مدل‌های[]
 []


Package fancyhdr Warning: \headheight is too small (16.0pt): 
(fancyhdr)                Make it at least 16.06123pt, for example:
(fancyhdr)                \setlength{\headheight}{16.06123pt}.
(fancyhdr)                You might also make \topmargin smaller:
(fancyhdr)                \addtolength{\topmargin}{-0.06123pt}.

[75])

Package fancyhdr Warning: \headheight is too small (16.0pt): 
(fancyhdr)                Make it at least 16.06123pt, for example:
(fancyhdr)                \setlength{\headheight}{16.06123pt}.
(fancyhdr)                You might also make \topmargin smaller:
(fancyhdr)                \addtolength{\topmargin}{-0.06123pt}.

[76]

Package fancyhdr Warning: \fancyhead's `E' option without twoside option is use
less.
(fancyhdr)                Please consider using the `twoside' option on input l
ine 56.


Package fancyhdr Warning: \fancyhead's `E' option without twoside option is use
less.
(fancyhdr)                Please consider using the `twoside' option on input l
ine 58.

(TMU_thesis.bbl [77



] [78] [79] [80] [81] [82] [83] [84] [85])
No file TMU_thesis.ind.
(en_title.tex [86]
Overfull \hbox (0.11108pt too wide) in paragraph at lines 36--40
[]\TU/lmroman10-regular(0)/m/n/12 Diffusion transformer models, such as DiT, pr
ovide high quality in class-conditional[]
 []

[87]
File: TMU_Logo_Transparent-1.png Graphic file (type bmp)
<TMU_Logo_Transparent-1.png>
 [88]) 
enddocument/afterlastpage (AED): lastpage setting LastPage.
(TMU_thesis.aux (chapter0.aux) (chapter1.aux) (chapter2.aux) (chapter3.aux)
(chapter4.aux) (chapter5.aux))
 ***********
LaTeX2e <2025-11-01>
L3 programming layer <2026-04-28>
 ***********
Package rerunfilecheck Info: File `TMU_thesis.out' has not changed.
(rerunfilecheck)             Checksum: EFEB6C8CF669382672D948590FB5A744;14660.
 ) 
Here is how much of TeX's memory you used:
 31929 strings out of 402799
 669444 string characters out of 5443834
 1108092 words of memory out of 5000000
 60096 multiletter control sequences out of 15000+600000
 640472 words of font info for 143 fonts, out of 8000000 for 9000
 1348 hyphenation exceptions out of 8191
 93i,17n,97p,1514b,853s stack positions out of 10000i,1000n,20000p,200000b,200000s

Output written on TMU_thesis.pdf (105 pages).
